2026-09-01 16:32:42 | INFO     | main:227 | Inicio de ejecución: 2026-09-01T16:32:42.754549
2026-09-01 16:32:42 | INFO     | main:89 | ============================================================
2026-09-01 16:32:42 | INFO     | main:90 | FASE 2: Conciliación de reportes
2026-09-01 16:32:42 | INFO     | main:91 | ============================================================
2026-09-01 16:32:42 | INFO     | conciliacion_datos:134 | [+] Reporte_01-09-26 (1).xlsx: 58 filas
2026-09-01 16:32:42 | INFO     | conciliacion_datos:134 | [+] Reporte_01-09-26 (2).xlsx: 1 filas
2026-09-01 16:32:43 | INFO     | conciliacion_datos:134 | [+] Reporte_01-09-26.xlsx: 169 filas
2026-09-01 16:32:43 | INFO     | conciliacion_datos:146 | Filtradas filas sin NOMBRE EXPEDIENTE: 228 -> 228
2026-09-01 16:32:43 | INFO     | conciliacion_datos:150 | [OK] Consolidado guardado: C:\Users\manue\OneDrive\Documents\Práctica contratación\06_DEV_prod\automatizacion-sistema-contratacion\output\conciliacion_datos.csv (228 filas)
2026-09-01 16:32:43 | INFO     | main:235 | Consolidado listo (228 filas): C:\Users\manue\OneDrive\Documents\Práctica contratación\06_DEV_prod\automatizacion-sistema-contratacion\output\conciliacion_datos.csv
2026-09-01 16:32:43 | INFO     | main:119 | ============================================================
2026-09-01 16:32:43 | INFO     | main:120 | FASE 3: Verificación en Alfresco
2026-09-01 16:32:43 | INFO     | main:121 | ============================================================
2026-09-01 16:32:43 | INFO     | alfresco_extractor:1241 | Salida incremental: pasos=C:\Users\manue\OneDrive\Documents\Práctica contratación\06_DEV_prod\automatizacion-sistema-contratacion\output\verificacion_alfresco_pasos.csv | resumen=C:\Users\manue\OneDrive\Documents\Práctica contratación\06_DEV_prod\automatizacion-sistema-contratacion\output\verificacion_alfresco.csv
2026-09-01 16:32:45 | INFO     | alfresco_extractor:124 | Driver Chrome iniciado correctamente.
2026-09-01 16:32:45 | INFO     | alfresco_extractor:136 | Navegando a página de login Alfresco Share: https://gesdoc.uis.edu.co/share/page
2026-09-01 16:32:47 | INFO     | alfresco_extractor:171 | Autenticación exitosa para usuario: consulta_contratos
2026-09-01 16:32:47 | INFO     | alfresco_extractor:1113 | CSV cargado: 228 filas. Columnas: ['NOMBRE EXPEDIENTE', 'NÚMERO CONTRATO', 'UAA', 'SERIE', 'SUBSERIE']
2026-09-01 16:32:47 | INFO     | alfresco_extractor:1121 | CSV reordenado por ruta (UAA -> SERIE -> SUB-SERIE).
2026-09-01 16:32:48 | INFO     | alfresco_extractor:212 | Menú 'Repositorio' clickeado. Espere a que cargue la vista del repositorio.
2026-09-01 16:32:48 | INFO     | alfresco_extractor:227 | Árbol del repositorio cargado (raíz 'REPOSITORIO_UIS_0002').
2026-09-01 16:32:53 | INFO     | alfresco_extractor:788 | Fast path: buscando 'ELIMINAR_CONTRATOS' en 'header'.
2026-09-01 16:33:04 | INFO     | alfresco_extractor:632 | Corroboración ZIP de 'ELIMINAR_CONTRATOS': 51 ítems -> C:\Users\manue\OneDrive\Documents\Práctica contratación\06_DEV_prod\automatizacion-sistema-contratacion\output\expedientes_verificados\ELIMINAR_CONTRATOS
2026-09-01 16:33:04 | INFO     | alfresco_extractor:996 | Traza: BUSQUEDA | ELIMINAR_CONTRATOS | OK
2026-09-01 16:33:04 | INFO     | alfresco_extractor:1158 | Fast path: 'ELIMINAR_CONTRATOS' localizado vía buscador global.
2026-09-01 16:33:04 | INFO     | alfresco_extractor:1165 | [1/228] (búsqueda) 'ELIMINAR_CONTRATOS' -> ENCONTRADO
2026-09-01 16:33:09 | INFO     | alfresco_extractor:788 | Fast path: buscando 'ELIMINAR_CONVENIOS' en 'header'.
2026-09-01 16:33:18 | INFO     | alfresco_extractor:632 | Corroboración ZIP de 'ELIMINAR_CONVENIOS': 29 ítems -> C:\Users\manue\OneDrive\Documents\Práctica contratación\06_DEV_prod\automatizacion-sistema-contratacion\output\expedientes_verificados\ELIMINAR_CONVENIOS
2026-09-01 16:33:18 | INFO     | alfresco_extractor:996 | Traza: BUSQUEDA | ELIMINAR_CONVENIOS | OK
2026-09-01 16:33:18 | INFO     | alfresco_extractor:1158 | Fast path: 'ELIMINAR_CONVENIOS' localizado vía buscador global.
2026-09-01 16:33:18 | INFO     | alfresco_extractor:1165 | [2/228] (búsqueda) 'ELIMINAR_CONVENIOS' -> ENCONTRADO
2026-09-01 16:33:23 | INFO     | alfresco_extractor:788 | Fast path: buscando '2025000430_9701' en 'header'.
2026-09-01 16:33:33 | INFO     | alfresco_extractor:632 | Corroboración ZIP de '2025000430_9701': 48 ítems -> C:\Users\manue\OneDrive\Documents\Práctica contratación\06_DEV_prod\automatizacion-sistema-contratacion\output\expedientes_verificados\2025000430_9701
2026-09-01 16:33:33 | INFO     | alfresco_extractor:996 | Traza: BUSQUEDA | 2025000430_9701 | OK
2026-09-01 16:33:33 | INFO     | alfresco_extractor:1158 | Fast path: '2025000430_9701' localizado vía buscador global.
2026-09-01 16:33:33 | INFO     | alfresco_extractor:1165 | [3/228] (búsqueda) '2025000430_9701' -> ENCONTRADO
2026-09-01 16:33:38 | INFO     | alfresco_extractor:788 | Fast path: buscando '0270_2026000733_9701' en 'header'.
2026-09-01 16:33:47 | INFO     | alfresco_extractor:632 | Corroboración ZIP de '0270_2026000733_9701': 43 ítems -> C:\Users\manue\OneDrive\Documents\Práctica contratación\06_DEV_prod\automatizacion-sistema-contratacion\output\expedientes_verificados\0270_2026000733_9701
2026-09-01 16:33:47 | INFO     | alfresco_extractor:996 | Traza: BUSQUEDA | 0270_2026000733_9701 | OK
2026-09-01 16:33:47 | INFO     | alfresco_extractor:1158 | Fast path: '0270_2026000733_9701' localizado vía buscador global.
2026-09-01 16:33:47 | INFO     | alfresco_extractor:1165 | [4/228] (búsqueda) '0270_2026000733_9701' -> ENCONTRADO
2026-09-01 16:33:52 | INFO     | alfresco_extractor:788 | Fast path: buscando '0270_2026000744_9701' en 'header'.
2026-09-01 16:34:03 | INFO     | alfresco_extractor:575 | DOM de diagnóstico guardado: C:\Users\manue\OneDrive\Documents\Práctica contratación\06_DEV_prod\automatizacion-sistema-contratacion\logs\diagnostico\alfresco_sin_resultados_1788298443589.html
2026-09-01 16:34:03 | INFO     | alfresco_extractor:1172 | [5/228] (búsqueda) '0270_2026000744_9701' -> NO ENCONTRADO (pasa a reintento)
2026-09-01 16:34:03 | INFO     | alfresco_extractor:788 | Fast path: buscando '2025000022_9701_9703' en 'header'.
2026-09-01 16:34:21 | INFO     | alfresco_extractor:632 | Corroboración ZIP de '2025000022_9701_9703': 51 ítems -> C:\Users\manue\OneDrive\Documents\Práctica contratación\06_DEV_prod\automatizacion-sistema-contratacion\output\expedientes_verificados\2025000022_9701_9703
2026-09-01 16:34:21 | INFO     | alfresco_extractor:996 | Traza: BUSQUEDA | 2025000022_9701_9703 | OK
2026-09-01 16:34:21 | INFO     | alfresco_extractor:1158 | Fast path: '2025000022_9701_9703' localizado vía buscador global.
2026-09-01 16:34:21 | INFO     | alfresco_extractor:1165 | [6/228] (búsqueda) '2025000022_9701_9703' -> ENCONTRADO
2026-09-01 16:34:26 | INFO     | alfresco_extractor:788 | Fast path: buscando '2025000026_9701' en 'header'.
2026-09-01 16:34:38 | INFO     | alfresco_extractor:632 | Corroboración ZIP de '2025000026_9701': 51 ítems -> C:\Users\manue\OneDrive\Documents\Práctica contratación\06_DEV_prod\automatizacion-sistema-contratacion\output\expedientes_verificados\2025000026_9701
2026-09-01 16:34:38 | INFO     | alfresco_extractor:996 | Traza: BUSQUEDA | 2025000026_9701 | OK
2026-09-01 16:34:38 | INFO     | alfresco_extractor:1158 | Fast path: '2025000026_9701' localizado vía buscador global.
2026-09-01 16:34:38 | INFO     | alfresco_extractor:1165 | [7/228] (búsqueda) '2025000026_9701' -> ENCONTRADO
2026-09-01 16:34:43 | INFO     | alfresco_extractor:788 | Fast path: buscando '2025000041_9701' en 'header'.
2026-09-01 16:34:52 | INFO     | alfresco_extractor:632 | Corroboración ZIP de '2025000041_9701': 24 ítems -> C:\Users\manue\OneDrive\Documents\Práctica contratación\06_DEV_prod\automatizacion-sistema-contratacion\output\expedientes_verificados\2025000041_9701
2026-09-01 16:34:52 | INFO     | alfresco_extractor:996 | Traza: BUSQUEDA | 2025000041_9701 | OK
2026-09-01 16:34:52 | INFO     | alfresco_extractor:1158 | Fast path: '2025000041_9701' localizado vía buscador global.
2026-09-01 16:34:52 | INFO     | alfresco_extractor:1165 | [8/228] (búsqueda) '2025000041_9701' -> ENCONTRADO
2026-09-01 16:34:57 | INFO     | alfresco_extractor:788 | Fast path: buscando '2025000062_9702' en 'header'.
2026-09-01 16:35:08 | INFO     | alfresco_extractor:575 | DOM de diagnóstico guardado: C:\Users\manue\OneDrive\Documents\Práctica contratación\06_DEV_prod\automatizacion-sistema-contratacion\logs\diagnostico\alfresco_sin_resultados_1788298508244.html
2026-09-01 16:35:08 | INFO     | alfresco_extractor:1172 | [9/228] (búsqueda) '2025000062_9702' -> NO ENCONTRADO (pasa a reintento)
2026-09-01 16:35:08 | INFO     | alfresco_extractor:788 | Fast path: buscando '2025000066_9708' en 'header'.
2026-09-01 16:35:20 | INFO     | alfresco_extractor:632 | Corroboración ZIP de '2025000066_9708': 51 ítems -> C:\Users\manue\OneDrive\Documents\Práctica contratación\06_DEV_prod\automatizacion-sistema-contratacion\output\expedientes_verificados\2025000066_9708
2026-09-01 16:35:20 | INFO     | alfresco_extractor:996 | Traza: BUSQUEDA | 2025000066_9708 | OK
2026-09-01 16:35:20 | INFO     | alfresco_extractor:1158 | Fast path: '2025000066_9708' localizado vía buscador global.
2026-09-01 16:35:20 | INFO     | alfresco_extractor:1165 | [10/228] (búsqueda) '2025000066_9708' -> ENCONTRADO
2026-09-01 16:35:25 | INFO     | alfresco_extractor:788 | Fast path: buscando '2025000086_9708' en 'header'.
2026-09-01 16:35:36 | INFO     | alfresco_extractor:575 | DOM de diagnóstico guardado: C:\Users\manue\OneDrive\Documents\Práctica contratación\06_DEV_prod\automatizacion-sistema-contratacion\logs\diagnostico\alfresco_sin_resultados_1788298536026.html
2026-09-01 16:35:36 | INFO     | alfresco_extractor:1172 | [11/228] (búsqueda) '2025000086_9708' -> NO ENCONTRADO (pasa a reintento)
2026-09-01 16:35:36 | INFO     | alfresco_extractor:788 | Fast path: buscando '2025000087_9701' en 'header'.
2026-09-01 16:35:50 | INFO     | alfresco_extractor:632 | Corroboración ZIP de '2025000087_9701': 51 ítems -> C:\Users\manue\OneDrive\Documents\Práctica contratación\06_DEV_prod\automatizacion-sistema-contratacion\output\expedientes_verificados\2025000087_9701
2026-09-01 16:35:50 | INFO     | alfresco_extractor:996 | Traza: BUSQUEDA | 2025000087_9701 | OK
2026-09-01 16:35:50 | INFO     | alfresco_extractor:1158 | Fast path: '2025000087_9701' localizado vía buscador global.
2026-09-01 16:35:50 | INFO     | alfresco_extractor:1165 | [12/228] (búsqueda) '2025000087_9701' -> ENCONTRADO
2026-09-01 16:35:55 | INFO     | alfresco_extractor:788 | Fast path: buscando '2025000092_9702' en 'header'.
2026-09-01 16:36:06 | INFO     | alfresco_extractor:575 | DOM de diagnóstico guardado: C:\Users\manue\OneDrive\Documents\Práctica contratación\06_DEV_prod\automatizacion-sistema-contratacion\logs\diagnostico\alfresco_sin_resultados_1788298566483.html
2026-09-01 16:36:06 | INFO     | alfresco_extractor:1172 | [13/228] (búsqueda) '2025000092_9702' -> NO ENCONTRADO (pasa a reintento)
2026-09-01 16:36:06 | INFO     | alfresco_extractor:788 | Fast path: buscando '2025000119_9701' en 'header'.
2026-09-01 16:36:19 | INFO     | alfresco_extractor:632 | Corroboración ZIP de '2025000119_9701': 51 ítems -> C:\Users\manue\OneDrive\Documents\Práctica contratación\06_DEV_prod\automatizacion-sistema-contratacion\output\expedientes_verificados\2025000119_9701
2026-09-01 16:36:19 | INFO     | alfresco_extractor:996 | Traza: BUSQUEDA | 2025000119_9701 | OK
2026-09-01 16:36:19 | INFO     | alfresco_extractor:1158 | Fast path: '2025000119_9701' localizado vía buscador global.
2026-09-01 16:36:19 | INFO     | alfresco_extractor:1165 | [14/228] (búsqueda) '2025000119_9701' -> ENCONTRADO
2026-09-01 16:36:24 | INFO     | alfresco_extractor:788 | Fast path: buscando '2025000123_9701' en 'header'.
2026-09-01 16:36:31 | INFO     | alfresco_extractor:632 | Corroboración ZIP de '2025000123_9701': 22 ítems -> C:\Users\manue\OneDrive\Documents\Práctica contratación\06_DEV_prod\automatizacion-sistema-contratacion\output\expedientes_verificados\2025000123_9701
2026-09-01 16:36:31 | INFO     | alfresco_extractor:996 | Traza: BUSQUEDA | 2025000123_9701 | OK
2026-09-01 16:36:31 | INFO     | alfresco_extractor:1158 | Fast path: '2025000123_9701' localizado vía buscador global.
2026-09-01 16:36:31 | INFO     | alfresco_extractor:1165 | [15/228] (búsqueda) '2025000123_9701' -> ENCONTRADO
2026-09-01 16:36:36 | INFO     | alfresco_extractor:788 | Fast path: buscando '2025000131_9701' en 'header'.
2026-09-01 16:36:46 | INFO     | alfresco_extractor:632 | Corroboración ZIP de '2025000131_9701': 23 ítems -> C:\Users\manue\OneDrive\Documents\Práctica contratación\06_DEV_prod\automatizacion-sistema-contratacion\output\expedientes_verificados\2025000131_9701
2026-09-01 16:36:46 | INFO     | alfresco_extractor:996 | Traza: BUSQUEDA | 2025000131_9701 | OK
2026-09-01 16:36:46 | INFO     | alfresco_extractor:1158 | Fast path: '2025000131_9701' localizado vía buscador global.
2026-09-01 16:36:46 | INFO     | alfresco_extractor:1165 | [16/228] (búsqueda) '2025000131_9701' -> ENCONTRADO
2026-09-01 16:36:51 | INFO     | alfresco_extractor:788 | Fast path: buscando '2025000145_9701' en 'header'.
2026-09-01 16:37:03 | INFO     | alfresco_extractor:632 | Corroboración ZIP de '2025000145_9701': 44 ítems -> C:\Users\manue\OneDrive\Documents\Práctica contratación\06_DEV_prod\automatizacion-sistema-contratacion\output\expedientes_verificados\2025000145_9701
2026-09-01 16:37:03 | INFO     | alfresco_extractor:996 | Traza: BUSQUEDA | 2025000145_9701 | OK
2026-09-01 16:37:03 | INFO     | alfresco_extractor:1158 | Fast path: '2025000145_9701' localizado vía buscador global.
2026-09-01 16:37:03 | INFO     | alfresco_extractor:1165 | [17/228] (búsqueda) '2025000145_9701' -> ENCONTRADO
2026-09-01 16:37:08 | INFO     | alfresco_extractor:788 | Fast path: buscando '2025000159_9702' en 'header'.
2026-09-01 16:37:22 | INFO     | alfresco_extractor:632 | Corroboración ZIP de '2025000159_9702': 51 ítems -> C:\Users\manue\OneDrive\Documents\Práctica contratación\06_DEV_prod\automatizacion-sistema-contratacion\output\expedientes_verificados\2025000159_9702
2026-09-01 16:37:22 | INFO     | alfresco_extractor:996 | Traza: BUSQUEDA | 2025000159_9702 | OK
2026-09-01 16:37:22 | INFO     | alfresco_extractor:1158 | Fast path: '2025000159_9702' localizado vía buscador global.
2026-09-01 16:37:22 | INFO     | alfresco_extractor:1165 | [18/228] (búsqueda) '2025000159_9702' -> ENCONTRADO
2026-09-01 16:37:27 | INFO     | alfresco_extractor:788 | Fast path: buscando '2025000162_9701' en 'header'.
2026-09-01 16:37:37 | INFO     | alfresco_extractor:575 | DOM de diagnóstico guardado: C:\Users\manue\OneDrive\Documents\Práctica contratación\06_DEV_prod\automatizacion-sistema-contratacion\logs\diagnostico\alfresco_sin_resultados_1788298657968.html
2026-09-01 16:37:37 | INFO     | alfresco_extractor:1172 | [19/228] (búsqueda) '2025000162_9701' -> NO ENCONTRADO (pasa a reintento)
2026-09-01 16:37:38 | INFO     | alfresco_extractor:788 | Fast path: buscando '2025000178_9701' en 'header'.
2026-09-01 16:37:48 | INFO     | alfresco_extractor:788 | Fast path: buscando '2025000178_9701' en 'searchTerm'.
2026-09-01 16:37:59 | INFO     | alfresco_extractor:632 | Corroboración ZIP de '2025000178_9701': 51 ítems -> C:\Users\manue\OneDrive\Documents\Práctica contratación\06_DEV_prod\automatizacion-sistema-contratacion\output\expedientes_verificados\2025000178_9701
2026-09-01 16:37:59 | INFO     | alfresco_extractor:996 | Traza: BUSQUEDA | 2025000178_9701 | OK
2026-09-01 16:37:59 | INFO     | alfresco_extractor:1158 | Fast path: '2025000178_9701' localizado vía buscador global.
2026-09-01 16:37:59 | INFO     | alfresco_extractor:1165 | [20/228] (búsqueda) '2025000178_9701' -> ENCONTRADO
2026-09-01 16:38:04 | INFO     | alfresco_extractor:788 | Fast path: buscando '2025000183_9707' en 'header'.
2026-09-01 16:38:15 | INFO     | alfresco_extractor:575 | DOM de diagnóstico guardado: C:\Users\manue\OneDrive\Documents\Práctica contratación\06_DEV_prod\automatizacion-sistema-contratacion\logs\diagnostico\alfresco_sin_resultados_1788298695518.html
2026-09-01 16:38:15 | INFO     | alfresco_extractor:1172 | [21/228] (búsqueda) '2025000183_9707' -> NO ENCONTRADO (pasa a reintento)
2026-09-01 16:38:15 | INFO     | alfresco_extractor:788 | Fast path: buscando '2025000188_9701' en 'header'.
2026-09-01 16:38:25 | INFO     | alfresco_extractor:788 | Fast path: buscando '2025000188_9701' en 'searchTerm'.
2026-09-01 16:38:36 | INFO     | alfresco_extractor:575 | DOM de diagnóstico guardado: C:\Users\manue\OneDrive\Documents\Práctica contratación\06_DEV_prod\automatizacion-sistema-contratacion\logs\diagnostico\alfresco_sin_resultados_1788298716533.html
2026-09-01 16:38:36 | INFO     | alfresco_extractor:1172 | [22/228] (búsqueda) '2025000188_9701' -> NO ENCONTRADO (pasa a reintento)
2026-09-01 16:38:36 | INFO     | alfresco_extractor:788 | Fast path: buscando '2025000191_9701' en 'header'.
2026-09-01 16:38:46 | INFO     | alfresco_extractor:788 | Fast path: buscando '2025000191_9701' en 'searchTerm'.
2026-09-01 16:38:58 | INFO     | alfresco_extractor:632 | Corroboración ZIP de '2025000191_9701': 48 ítems -> C:\Users\manue\OneDrive\Documents\Práctica contratación\06_DEV_prod\automatizacion-sistema-contratacion\output\expedientes_verificados\2025000191_9701
2026-09-01 16:38:58 | INFO     | alfresco_extractor:996 | Traza: BUSQUEDA | 2025000191_9701 | OK
2026-09-01 16:38:58 | INFO     | alfresco_extractor:1158 | Fast path: '2025000191_9701' localizado vía buscador global.
2026-09-01 16:38:58 | INFO     | alfresco_extractor:1165 | [23/228] (búsqueda) '2025000191_9701' -> ENCONTRADO
2026-09-01 16:39:03 | INFO     | alfresco_extractor:788 | Fast path: buscando '2025000223_9702' en 'header'.
2026-09-01 16:39:16 | INFO     | alfresco_extractor:632 | Corroboración ZIP de '2025000223_9702': 51 ítems -> C:\Users\manue\OneDrive\Documents\Práctica contratación\06_DEV_prod\automatizacion-sistema-contratacion\output\expedientes_verificados\2025000223_9702
2026-09-01 16:39:16 | INFO     | alfresco_extractor:996 | Traza: BUSQUEDA | 2025000223_9702 | OK
2026-09-01 16:39:16 | INFO     | alfresco_extractor:1158 | Fast path: '2025000223_9702' localizado vía buscador global.
2026-09-01 16:39:16 | INFO     | alfresco_extractor:1165 | [24/228] (búsqueda) '2025000223_9702' -> ENCONTRADO
2026-09-01 16:39:21 | INFO     | alfresco_extractor:788 | Fast path: buscando '2025000227_9702' en 'header'.
2026-09-01 16:39:31 | INFO     | alfresco_extractor:575 | DOM de diagnóstico guardado: C:\Users\manue\OneDrive\Documents\Práctica contratación\06_DEV_prod\automatizacion-sistema-contratacion\logs\diagnostico\alfresco_sin_resultados_1788298771964.html
2026-09-01 16:39:31 | INFO     | alfresco_extractor:1172 | [25/228] (búsqueda) '2025000227_9702' -> NO ENCONTRADO (pasa a reintento)
2026-09-01 16:39:32 | INFO     | alfresco_extractor:788 | Fast path: buscando '2025000232_9702' en 'header'.
2026-09-01 16:39:43 | INFO     | alfresco_extractor:632 | Corroboración ZIP de '2025000232_9702': 45 ítems -> C:\Users\manue\OneDrive\Documents\Práctica contratación\06_DEV_prod\automatizacion-sistema-contratacion\output\expedientes_verificados\2025000232_9702
2026-09-01 16:39:43 | INFO     | alfresco_extractor:996 | Traza: BUSQUEDA | 2025000232_9702 | OK
2026-09-01 16:39:43 | INFO     | alfresco_extractor:1158 | Fast path: '2025000232_9702' localizado vía buscador global.
2026-09-01 16:39:43 | INFO     | alfresco_extractor:1165 | [26/228] (búsqueda) '2025000232_9702' -> ENCONTRADO
2026-09-01 16:39:48 | INFO     | alfresco_extractor:788 | Fast path: buscando '2025000233_9702' en 'header'.
2026-09-01 16:40:01 | INFO     | alfresco_extractor:632 | Corroboración ZIP de '2025000233_9702': 51 ítems -> C:\Users\manue\OneDrive\Documents\Práctica contratación\06_DEV_prod\automatizacion-sistema-contratacion\output\expedientes_verificados\2025000233_9702
2026-09-01 16:40:01 | INFO     | alfresco_extractor:996 | Traza: BUSQUEDA | 2025000233_9702 | OK
2026-09-01 16:40:01 | INFO     | alfresco_extractor:1158 | Fast path: '2025000233_9702' localizado vía buscador global.
2026-09-01 16:40:01 | INFO     | alfresco_extractor:1165 | [27/228] (búsqueda) '2025000233_9702' -> ENCONTRADO
2026-09-01 16:40:06 | INFO     | alfresco_extractor:788 | Fast path: buscando '2025000235_9702' en 'header'.
2026-09-01 16:40:17 | INFO     | alfresco_extractor:575 | DOM de diagnóstico guardado: C:\Users\manue\OneDrive\Documents\Práctica contratación\06_DEV_prod\automatizacion-sistema-contratacion\logs\diagnostico\alfresco_sin_resultados_1788298817778.html
2026-09-01 16:40:17 | INFO     | alfresco_extractor:1172 | [28/228] (búsqueda) '2025000235_9702' -> NO ENCONTRADO (pasa a reintento)
2026-09-01 16:40:17 | INFO     | alfresco_extractor:788 | Fast path: buscando '2025000249_9701' en 'header'.
2026-09-01 16:40:34 | INFO     | alfresco_extractor:632 | Corroboración ZIP de '2025000249_9701': 51 ítems -> C:\Users\manue\OneDrive\Documents\Práctica contratación\06_DEV_prod\automatizacion-sistema-contratacion\output\expedientes_verificados\2025000249_9701
2026-09-01 16:40:34 | INFO     | alfresco_extractor:996 | Traza: BUSQUEDA | 2025000249_9701 | OK
2026-09-01 16:40:34 | INFO     | alfresco_extractor:1158 | Fast path: '2025000249_9701' localizado vía buscador global.
2026-09-01 16:40:34 | INFO     | alfresco_extractor:1165 | [29/228] (búsqueda) '2025000249_9701' -> ENCONTRADO
2026-09-01 16:40:39 | INFO     | alfresco_extractor:788 | Fast path: buscando '2025000258_9701' en 'header'.
2026-09-01 16:40:48 | INFO     | main:241 | Proceso interrumpido por el usuario.
2026-09-01 16:40:48 | INFO     | limpieza:68 | Purgado (antiguo): logs\ejecucion_20260901_162405.log
2026-09-01 16:40:48 | INFO     | limpieza:68 | Purgado (antiguo): logs\ejecucion_20260901_162302.log
2026-09-01 16:40:48 | INFO     | limpieza:68 | Purgado (antiguo): logs\ejecucion_20260901_162229.log
2026-09-01 16:40:48 | INFO     | limpieza:68 | Purgado (antiguo): logs\ejecucion_20260901_162139.log
2026-09-01 16:40:48 | INFO     | limpieza:68 | Purgado (antiguo): logs\diagnostico\alfresco_sin_resultados_1788297224463.html
2026-09-01 16:40:48 | INFO     | limpieza:68 | Purgado (antiguo): logs\diagnostico\alfresco_sin_resultados_1788297102058.html
2026-09-01 16:40:48 | INFO     | limpieza:68 | Purgado (antiguo): logs\diagnostico\alfresco_sin_resultados_1788296997106.html
2026-09-01 16:40:48 | INFO     | limpieza:68 | Purgado (antiguo): logs\diagnostico\alfresco_sin_resultados_1788296911386.html
2026-09-01 16:40:48 | INFO     | limpieza:68 | Purgado (antiguo): logs\diagnostico\alfresco_sin_resultados_1788296839295.html
2026-09-01 16:40:48 | INFO     | limpieza:68 | Purgado (antiguo): logs\diagnostico\alfresco_sin_resultados_1788296734285.html
2026-09-01 16:40:48 | INFO     | limpieza:68 | Purgado (antiguo): logs\diagnostico\alfresco_sin_resultados_1788296619683.html
2026-09-01 16:40:48 | INFO     | limpieza:68 | Purgado (antiguo): logs\diagnostico\alfresco_sin_resultados_1788296547904.html
2026-09-01 16:40:48 | INFO     | limpieza:68 | Purgado (antiguo): logs\diagnostico\alfresco_sin_resultados_1788296260187.html
2026-09-01 16:40:48 | INFO     | limpieza:98 | Limpieza finalizada: 13 archivos purgados (logs de ejecución=4, HTML de diagnóstico=9, capturas de pantalla=0, consolidados con marca de tiempo=0, reportes contrato=0, reportes convenio=0, reportes proyecto=0).
