2026-09-01 11:18:27 | INFO     | main:208 | Inicio de ejecución: 2026-09-01T11:18:27.409962
2026-09-01 11:18:27 | INFO     | main:62 | ============================================================
2026-09-01 11:18:27 | INFO     | main:63 | FASE 1: Extracción de datos desde UISARD
2026-09-01 11:18:27 | INFO     | main:64 | ============================================================
2026-09-01 11:18:33 | INFO     | uisard_extractor:98 | Driver Chrome iniciado correctamente.
2026-09-01 11:18:33 | INFO     | uisard_extractor:110 | Navegando a página de login UISARD: https://gestion.uis.edu.co/auth/#/auth/login
2026-09-01 11:18:42 | INFO     | uisard_extractor:136 | Autenticación exitosa para usuario: mariamos
2026-09-01 11:18:43 | INFO     | uisard_extractor:152 | Cookies aceptadas.
2026-09-01 11:18:44 | INFO     | uisard_extractor:431 | HTML de diagnóstico guardado: c:\Users\manue\OneDrive\Documents\Práctica contratación\06_DEV_prod\automatizacion-sistema-contratacion\logs\diagnostico\post_login_1788279523.html
2026-09-01 11:18:44 | INFO     | uisard_extractor:165 | Rol actual detectado: 'Analista de contratación'
2026-09-01 11:18:44 | INFO     | uisard_extractor:168 | Ya se tiene el rol 'Analista de Contratación'. Se omite cambio.
2026-09-01 11:18:44 | INFO     | uisard_extractor:431 | HTML de diagnóstico guardado: c:\Users\manue\OneDrive\Documents\Práctica contratación\06_DEV_prod\automatizacion-sistema-contratacion\logs\diagnostico\post_rol_1788279524.html
2026-09-01 11:18:45 | DEBUG    | uisard_extractor:211 | Menú 'gestion_documental' clickeado.
2026-09-01 11:18:48 | DEBUG    | uisard_extractor:211 | Menú 'sistema_reportes' clickeado.
2026-09-01 11:18:48 | INFO     | uisard_extractor:220 | Navegación hasta Sistema de Reportes completada.
2026-09-01 11:18:53 | INFO     | uisard_extractor:246 | Tipo de reporte: Expedientes seleccionado.
2026-09-01 11:18:56 | INFO     | uisard_extractor:306 | Serie 'Contratos' seleccionada.
2026-09-01 11:19:11 | ERROR    | uisard_extractor:272 | Error aplicando fechas: Message: 
Stacktrace:
	chromedriver!GetHandleVerifier [0x7ff67cf18a65+5625]
	chromedriver!(No symbol) [0x7ff67ce3ce10]
	chromedriver!(No symbol) [0x7ff67cc65f8d]
	chromedriver!(No symbol) [0x7ff67ccc13ea]
	chromedriver!(No symbol) [0x7ff67ccc16fc]
	chromedriver!(No symbol) [0x7ff67cd122f7]
	chromedriver!(No symbol) [0x7ff67cd0eef1]
	chromedriver!(No symbol) [0x7ff67ccb384b]
	chromedriver!(No symbol) [0x7ff67ccb4783]
	chromedriver!GetHandleVerifier [0x7ff67d33476b+42132b]
	chromedriver!GetHandleVerifier [0x7ff67d35fcf2+44c8b2]
	chromedriver!GetHandleVerifier [0x7ff67d353c9e+44085e]
	chromedriver!GetHandleVerifier [0x7ff67d014e3e+1019fe]
	chromedriver!(No symbol) [0x7ff67ce49f6c]
	chromedriver!(No symbol) [0x7ff67ce45c44]
	chromedriver!(No symbol) [0x7ff67ce45dd4]
	chromedriver!(No symbol) [0x7ff67ce30cbc]
	KERNEL32!BaseThreadInitThunk [0x7ffe8b9accb7+17]
	ntdll!RtlUserThreadStart [0x7ffe8d28ad6c+2c]

2026-09-01 11:19:11 | INFO     | uisard_extractor:442 | Screenshot guardado: c:\Users\manue\OneDrive\Documents\Práctica contratación\06_DEV_prod\automatizacion-sistema-contratacion\logs\screenshots\error_filtros_1788279551.png
2026-09-01 11:19:11 | ERROR    | uisard_extractor:321 | Error descargando serie 'Contratos': Message: 
Stacktrace:
	chromedriver!GetHandleVerifier [0x7ff67cf18a65+5625]
	chromedriver!(No symbol) [0x7ff67ce3ce10]
	chromedriver!(No symbol) [0x7ff67cc65f8d]
	chromedriver!(No symbol) [0x7ff67ccc13ea]
	chromedriver!(No symbol) [0x7ff67ccc16fc]
	chromedriver!(No symbol) [0x7ff67cd122f7]
	chromedriver!(No symbol) [0x7ff67cd0eef1]
	chromedriver!(No symbol) [0x7ff67ccb384b]
	chromedriver!(No symbol) [0x7ff67ccb4783]
	chromedriver!GetHandleVerifier [0x7ff67d33476b+42132b]
	chromedriver!GetHandleVerifier [0x7ff67d35fcf2+44c8b2]
	chromedriver!GetHandleVerifier [0x7ff67d353c9e+44085e]
	chromedriver!GetHandleVerifier [0x7ff67d014e3e+1019fe]
	chromedriver!(No symbol) [0x7ff67ce49f6c]
	chromedriver!(No symbol) [0x7ff67ce45c44]
	chromedriver!(No symbol) [0x7ff67ce45dd4]
	chromedriver!(No symbol) [0x7ff67ce30cbc]
	KERNEL32!BaseThreadInitThunk [0x7ffe8b9accb7+17]
	ntdll!RtlUserThreadStart [0x7ffe8d28ad6c+2c]

2026-09-01 11:19:12 | INFO     | uisard_extractor:442 | Screenshot guardado: c:\Users\manue\OneDrive\Documents\Práctica contratación\06_DEV_prod\automatizacion-sistema-contratacion\logs\screenshots\error_descarga_Contratos_1788279551.png
2026-09-01 11:19:12 | WARNING  | uisard_extractor:399 | No se pudo descargar la serie 'Contratos'.
2026-09-01 11:19:17 | CRITICAL | uisard_extractor:458 | Fallo en la fase de extracción UISARD: Message: invalid session id: session deleted as the browser has closed the connection
from disconnected: unable to send message to renderer
  (Session info: chrome=152.0.7977.65); For documentation on this error, please visit: https://www.selenium.dev/documentation/webdriver/troubleshooting/errors#invalidsessionidexception
Stacktrace:
	chromedriver!GetHandleVerifier [0x7ff67cf18a65+5625]
	chromedriver!(No symbol) [0x7ff67ce3ce10]
	chromedriver!(No symbol) [0x7ff67cc65f8d]
	chromedriver!(No symbol) [0x7ff67cc51ea0]
	chromedriver!(No symbol) [0x7ff67cc51dfc]
	chromedriver!(No symbol) [0x7ff67cc50659]
	chromedriver!(No symbol) [0x7ff67cc5120f]
	chromedriver!(No symbol) [0x7ff67cc6b966]
	chromedriver!(No symbol) [0x7ff67cc6c4ab]
	chromedriver!(No symbol) [0x7ff67cc70f55]
	chromedriver!(No symbol) [0x7ff67cc7101f]
	chromedriver!(No symbol) [0x7ff67ccc0c1b]
	chromedriver!(No symbol) [0x7ff67ccc16fc]
	chromedriver!(No symbol) [0x7ff67cd122f7]
	chromedriver!(No symbol) [0x7ff67cd0eef1]
	chromedriver!(No symbol) [0x7ff67ccb384b]
	chromedriver!(No symbol) [0x7ff67ccb4783]
	chromedriver!GetHandleVerifier [0x7ff67d33476b+42132b]
	chromedriver!GetHandleVerifier [0x7ff67d35fcf2+44c8b2]
	chromedriver!GetHandleVerifier [0x7ff67d353c9e+44085e]
	chromedriver!GetHandleVerifier [0x7ff67d014e3e+1019fe]
	chromedriver!(No symbol) [0x7ff67ce49f6c]
	chromedriver!(No symbol) [0x7ff67ce45c44]
	chromedriver!(No symbol) [0x7ff67ce45dd4]
	chromedriver!(No symbol) [0x7ff67ce30cbc]
	KERNEL32!BaseThreadInitThunk [0x7ffe8b9accb7+17]
	ntdll!RtlUserThreadStart [0x7ffe8d28ad6c+2c]
Traceback (most recent call last):
  File "c:\Users\manue\OneDrive\Documents\Práctica contratación\06_DEV_prod\automatizacion-sistema-contratacion\uisard_extractor.py", line 456, in ejecutar_extraccion
    return self.extraer_todas_series()
           ~~~~~~~~~~~~~~~~~~~~~~~~~^^
  File "c:\Users\manue\OneDrive\Documents\Práctica contratación\06_DEV_prod\automatizacion-sistema-contratacion\uisard_extractor.py", line 393, in extraer_todas_series
    ruta = self._descargar_reporte(serie)
  File "c:\Users\manue\OneDrive\Documents\Práctica contratación\06_DEV_prod\automatizacion-sistema-contratacion\uisard_extractor.py", line 299, in _descargar_reporte
    opcion = wait.until(
        EC.element_to_be_clickable(
    ...<2 lines>...
        )
    )
  File "C:\Users\manue\AppData\Local\Python\pythoncore-3.14-64\Lib\site-packages\selenium\webdriver\support\wait.py", line 112, in until
    value = method(self._driver)
  File "C:\Users\manue\AppData\Local\Python\pythoncore-3.14-64\Lib\site-packages\selenium\webdriver\support\expected_conditions.py", line 518, in _predicate
    target = driver.find_element(*target)  # grab element at locator
  File "C:\Users\manue\AppData\Local\Python\pythoncore-3.14-64\Lib\site-packages\selenium\webdriver\remote\webdriver.py", line 911, in find_element
    return self.execute(Command.FIND_ELEMENT, {"using": by, "value": value})["value"]
           ~~~~~~~~~~~~^^^^^^^^^^^^^^^^^^^^^^^^^^^^^^^^^^^^^^^^^^^^^^^^^^^^^
  File "C:\Users\manue\AppData\Local\Python\pythoncore-3.14-64\Lib\site-packages\selenium\webdriver\remote\webdriver.py", line 504, in execute
    self.error_handler.check_response(response)
    ~~~~~~~~~~~~~~~~~~~~~~~~~~~~~~~~~^^^^^^^^^^
  File "C:\Users\manue\AppData\Local\Python\pythoncore-3.14-64\Lib\site-packages\selenium\webdriver\remote\errorhandler.py", line 232, in check_response
    raise exception_class(message, screen, stacktrace)
selenium.common.exceptions.InvalidSessionIdException: Message: invalid session id: session deleted as the browser has closed the connection
from disconnected: unable to send message to renderer
  (Session info: chrome=152.0.7977.65); For documentation on this error, please visit: https://www.selenium.dev/documentation/webdriver/troubleshooting/errors#invalidsessionidexception
Stacktrace:
	chromedriver!GetHandleVerifier [0x7ff67cf18a65+5625]
	chromedriver!(No symbol) [0x7ff67ce3ce10]
	chromedriver!(No symbol) [0x7ff67cc65f8d]
	chromedriver!(No symbol) [0x7ff67cc51ea0]
	chromedriver!(No symbol) [0x7ff67cc51dfc]
	chromedriver!(No symbol) [0x7ff67cc50659]
	chromedriver!(No symbol) [0x7ff67cc5120f]
	chromedriver!(No symbol) [0x7ff67cc6b966]
	chromedriver!(No symbol) [0x7ff67cc6c4ab]
	chromedriver!(No symbol) [0x7ff67cc70f55]
	chromedriver!(No symbol) [0x7ff67cc7101f]
	chromedriver!(No symbol) [0x7ff67ccc0c1b]
	chromedriver!(No symbol) [0x7ff67ccc16fc]
	chromedriver!(No symbol) [0x7ff67cd122f7]
	chromedriver!(No symbol) [0x7ff67cd0eef1]
	chromedriver!(No symbol) [0x7ff67ccb384b]
	chromedriver!(No symbol) [0x7ff67ccb4783]
	chromedriver!GetHandleVerifier [0x7ff67d33476b+42132b]
	chromedriver!GetHandleVerifier [0x7ff67d35fcf2+44c8b2]
	chromedriver!GetHandleVerifier [0x7ff67d353c9e+44085e]
	chromedriver!GetHandleVerifier [0x7ff67d014e3e+1019fe]
	chromedriver!(No symbol) [0x7ff67ce49f6c]
	chromedriver!(No symbol) [0x7ff67ce45c44]
	chromedriver!(No symbol) [0x7ff67ce45dd4]
	chromedriver!(No symbol) [0x7ff67ce30cbc]
	KERNEL32!BaseThreadInitThunk [0x7ffe8b9accb7+17]
	ntdll!RtlUserThreadStart [0x7ffe8d28ad6c+2c]

2026-09-01 11:19:20 | INFO     | uisard_extractor:104 | Driver cerrado.
2026-09-01 11:19:20 | INFO     | main:89 | ============================================================
2026-09-01 11:19:20 | INFO     | main:90 | FASE 2: Conciliación de reportes
2026-09-01 11:19:20 | INFO     | main:91 | ============================================================
2026-09-01 11:19:20 | INFO     | conciliacion_datos:134 | [+] Reporte_31-08-26 (1).xlsx: 120 filas
2026-09-01 11:19:20 | INFO     | conciliacion_datos:134 | [+] Reporte_31-08-26 (2).xlsx: 1 filas
2026-09-01 11:19:22 | INFO     | conciliacion_datos:134 | [+] Reporte_31-08-26.xlsx: 628 filas
2026-09-01 11:19:22 | INFO     | conciliacion_datos:146 | Filtradas filas sin NOMBRE EXPEDIENTE: 749 -> 749
2026-09-01 11:19:22 | INFO     | conciliacion_datos:150 | [OK] Consolidado guardado: c:\Users\manue\OneDrive\Documents\Práctica contratación\06_DEV_prod\automatizacion-sistema-contratacion\output\conciliacion_datos.csv (749 filas)
2026-09-01 11:19:22 | INFO     | main:216 | Consolidado listo (749 filas): c:\Users\manue\OneDrive\Documents\Práctica contratación\06_DEV_prod\automatizacion-sistema-contratacion\output\conciliacion_datos.csv
2026-09-01 11:19:22 | INFO     | main:119 | ============================================================
2026-09-01 11:19:22 | INFO     | main:120 | FASE 3: Verificación en Alfresco
2026-09-01 11:19:22 | INFO     | main:121 | ============================================================
2026-09-01 11:19:22 | INFO     | alfresco_extractor:905 | Salida incremental: pasos=c:\Users\manue\OneDrive\Documents\Práctica contratación\06_DEV_prod\automatizacion-sistema-contratacion\output\verificacion_alfresco_pasos.csv | resumen=c:\Users\manue\OneDrive\Documents\Práctica contratación\06_DEV_prod\automatizacion-sistema-contratacion\output\verificacion_alfresco.csv
2026-09-01 11:19:24 | INFO     | alfresco_extractor:114 | Driver Chrome iniciado correctamente.
2026-09-01 11:19:24 | INFO     | alfresco_extractor:126 | Navegando a página de login Alfresco Share: https://gesdoc.uis.edu.co/share/page
2026-09-01 11:19:29 | INFO     | alfresco_extractor:161 | Autenticación exitosa para usuario: consulta_contratos
2026-09-01 11:19:30 | INFO     | alfresco_extractor:927 | HTML de diagnóstico guardado: c:\Users\manue\OneDrive\Documents\Práctica contratación\06_DEV_prod\automatizacion-sistema-contratacion\logs\diagnostico\post_login_1788279569.html
2026-09-01 11:19:30 | INFO     | alfresco_extractor:800 | CSV cargado: 749 filas. Columnas: ['NOMBRE EXPEDIENTE', 'NÚMERO CONTRATO', 'UAA', 'SERIE', 'SUBSERIE']
2026-09-01 11:19:30 | INFO     | alfresco_extractor:810 | CSV reordenado por ruta (UAA -> SERIE -> SUB-SERIE) para reutilizar nodos.
2026-09-01 11:19:30 | INFO     | alfresco_extractor:203 | Menú 'Repositorio' clickeado. Espere a que cargue la vista del repositorio.
2026-09-01 11:19:32 | INFO     | alfresco_extractor:218 | Árbol del repositorio cargado (raíz 'REPOSITORIO_UIS_0002').
2026-09-01 11:19:32 | INFO     | alfresco_extractor:681 | Buscando ruta UAA='1110_RECTORIA' | SERIE='C09_CONTRATOS' | SUB-SERIE='C09.08_ORDEN_COMPRA'
2026-09-01 11:19:38 | INFO     | alfresco_extractor:729 | Traza: BUSQUEDA | 000000000000000000 | OK
2026-09-01 11:19:38 | INFO     | alfresco_extractor:693 | Fast path: expediente '000000000000000000' localizado vía buscador global.
2026-09-01 11:19:38 | INFO     | alfresco_extractor:884 | [1/749] '000000000000000000' -> ENCONTRADO
2026-09-01 11:19:38 | INFO     | alfresco_extractor:681 | Buscando ruta UAA='1110_RECTORIA' | SERIE='C09_CONTRATOS' | SUB-SERIE='C09.08_ORDEN_COMPRA'
2026-09-01 11:19:44 | INFO     | alfresco_extractor:729 | Traza: BUSQUEDA | 0020_2026000214_7098 | OK
2026-09-01 11:19:44 | INFO     | alfresco_extractor:693 | Fast path: expediente '0020_2026000214_7098' localizado vía buscador global.
2026-09-01 11:19:44 | INFO     | alfresco_extractor:884 | [2/749] '0020_2026000214_7098' -> ENCONTRADO
2026-09-01 11:19:44 | INFO     | alfresco_extractor:681 | Buscando ruta UAA='1110_RECTORIA' | SERIE='C09_CONTRATOS' | SUB-SERIE='C09.19_CONTRATOS_INTERADMINISTRATIVOS'
2026-09-01 11:19:53 | INFO     | alfresco_extractor:729 | Traza: BUSQUEDA | ELIMINAR_CONTRATOS | OK
2026-09-01 11:19:53 | INFO     | alfresco_extractor:693 | Fast path: expediente 'ELIMINAR_CONTRATOS' localizado vía buscador global.
2026-09-01 11:19:53 | INFO     | alfresco_extractor:884 | [3/749] 'ELIMINAR_CONTRATOS' -> ENCONTRADO
2026-09-01 11:19:53 | INFO     | alfresco_extractor:681 | Buscando ruta UAA='1110_RECTORIA' | SERIE='C10_CONVENIOS' | SUB-SERIE='C10.11_CONVENIOS_INTERADMINISTRATIVOS'
2026-09-01 11:20:15 | WARNING  | alfresco_extractor:545 | Fast path: sin resultados para 'ELIMINAR_CONVENIOS'.
2026-09-01 11:20:15 | WARNING  | alfresco_extractor:695 | Fast path sin éxito para 'ELIMINAR_CONVENIOS'; se restaura el árbol y se usa la ruta oficial.
2026-09-01 11:20:15 | INFO     | alfresco_extractor:203 | Menú 'Repositorio' clickeado. Espere a que cargue la vista del repositorio.
2026-09-01 11:20:16 | INFO     | alfresco_extractor:218 | Árbol del repositorio cargado (raíz 'REPOSITORIO_UIS_0002').
2026-09-01 11:20:16 | INFO     | alfresco_extractor:729 | Traza: REPOSITORIO | REPOSITORIO_UIS_0002 | OK
2026-09-01 11:20:16 | INFO     | alfresco_extractor:613 | Repositorio 'REPOSITORIO_UIS_0002' OK. Expandiendo...
2026-09-01 11:20:20 | INFO     | main:222 | Proceso interrumpido por el usuario.
2026-09-01 11:20:20 | INFO     | limpieza:98 | Limpieza finalizada: 0 archivos purgados (logs de ejecución=0, HTML de diagnóstico=0, capturas de pantalla=0, consolidados con marca de tiempo=0, reportes contrato=0, reportes convenio=0, reportes proyecto=0).
