2026-09-01 14:50:29 | INFO     | main:208 | Inicio de ejecución: 2026-09-01T14:50:29.931576
2026-09-01 14:50:29 | INFO     | main:89 | ============================================================
2026-09-01 14:50:29 | INFO     | main:90 | FASE 2: Conciliación de reportes
2026-09-01 14:50:29 | INFO     | main:91 | ============================================================
2026-09-01 14:50:30 | INFO     | conciliacion_datos:134 | [+] Reporte_31-08-26 (1).xlsx: 120 filas
2026-09-01 14:50:30 | INFO     | conciliacion_datos:134 | [+] Reporte_31-08-26 (2).xlsx: 1 filas
2026-09-01 14:50:30 | INFO     | conciliacion_datos:134 | [+] Reporte_31-08-26.xlsx: 628 filas
2026-09-01 14:50:30 | INFO     | conciliacion_datos:146 | Filtradas filas sin NOMBRE EXPEDIENTE: 749 -> 749
2026-09-01 14:50:30 | INFO     | conciliacion_datos:150 | [OK] Consolidado guardado: C:\Users\manue\OneDrive\Documents\Práctica contratación\06_DEV_prod\automatizacion-sistema-contratacion\output\conciliacion_datos.csv (749 filas)
2026-09-01 14:50:30 | INFO     | main:216 | Consolidado listo (749 filas): C:\Users\manue\OneDrive\Documents\Práctica contratación\06_DEV_prod\automatizacion-sistema-contratacion\output\conciliacion_datos.csv
2026-09-01 14:50:30 | INFO     | main:119 | ============================================================
2026-09-01 14:50:30 | INFO     | main:120 | FASE 3: Verificación en Alfresco
2026-09-01 14:50:30 | INFO     | main:121 | ============================================================
2026-09-01 14:50:30 | INFO     | alfresco_extractor:999 | Salida incremental: pasos=C:\Users\manue\OneDrive\Documents\Práctica contratación\06_DEV_prod\automatizacion-sistema-contratacion\output\verificacion_alfresco_pasos.csv | resumen=C:\Users\manue\OneDrive\Documents\Práctica contratación\06_DEV_prod\automatizacion-sistema-contratacion\output\verificacion_alfresco.csv
2026-09-01 14:50:33 | INFO     | alfresco_extractor:114 | Driver Chrome iniciado correctamente.
2026-09-01 14:50:33 | INFO     | alfresco_extractor:126 | Navegando a página de login Alfresco Share: https://gesdoc.uis.edu.co/share/page
2026-09-01 14:50:36 | INFO     | alfresco_extractor:161 | Autenticación exitosa para usuario: consulta_contratos
2026-09-01 14:50:36 | INFO     | alfresco_extractor:896 | CSV cargado: 749 filas. Columnas: ['NOMBRE EXPEDIENTE', 'NÚMERO CONTRATO', 'UAA', 'SERIE', 'SUBSERIE']
2026-09-01 14:50:36 | INFO     | alfresco_extractor:906 | CSV reordenado por ruta (UAA -> SERIE -> SUB-SERIE) para reutilizar nodos.
2026-09-01 14:50:36 | INFO     | alfresco_extractor:202 | Menú 'Repositorio' clickeado. Espere a que cargue la vista del repositorio.
2026-09-01 14:50:37 | INFO     | alfresco_extractor:217 | Árbol del repositorio cargado (raíz 'REPOSITORIO_UIS_0002').
2026-09-01 14:50:37 | INFO     | alfresco_extractor:779 | Buscando ruta UAA='1110_RECTORIA' | SERIE='C09_CONTRATOS' | SUB-SERIE='C09.08_ORDEN_COMPRA'
2026-09-01 14:50:42 | INFO     | alfresco_extractor:825 | Traza: BUSQUEDA | 000000000000000000 | OK
2026-09-01 14:50:42 | INFO     | alfresco_extractor:791 | Fast path: expediente '000000000000000000' localizado vía buscador global.
2026-09-01 14:50:42 | INFO     | alfresco_extractor:978 | [1/749] '000000000000000000' -> ENCONTRADO
2026-09-01 14:50:42 | INFO     | alfresco_extractor:779 | Buscando ruta UAA='1110_RECTORIA' | SERIE='C09_CONTRATOS' | SUB-SERIE='C09.08_ORDEN_COMPRA'
2026-09-01 14:50:45 | INFO     | alfresco_extractor:825 | Traza: BUSQUEDA | 0020_2026000214_7098 | OK
2026-09-01 14:50:45 | INFO     | alfresco_extractor:791 | Fast path: expediente '0020_2026000214_7098' localizado vía buscador global.
2026-09-01 14:50:45 | INFO     | alfresco_extractor:978 | [2/749] '0020_2026000214_7098' -> ENCONTRADO
2026-09-01 14:50:45 | INFO     | alfresco_extractor:779 | Buscando ruta UAA='1110_RECTORIA' | SERIE='C09_CONTRATOS' | SUB-SERIE='C09.19_CONTRATOS_INTERADMINISTRATIVOS'
2026-09-01 14:50:51 | INFO     | alfresco_extractor:825 | Traza: BUSQUEDA | ELIMINAR_CONTRATOS | OK
2026-09-01 14:50:51 | INFO     | alfresco_extractor:791 | Fast path: expediente 'ELIMINAR_CONTRATOS' localizado vía buscador global.
2026-09-01 14:50:51 | INFO     | alfresco_extractor:978 | [3/749] 'ELIMINAR_CONTRATOS' -> ENCONTRADO
2026-09-01 14:50:51 | INFO     | alfresco_extractor:779 | Buscando ruta UAA='1110_RECTORIA' | SERIE='C10_CONVENIOS' | SUB-SERIE='C10.11_CONVENIOS_INTERADMINISTRATIVOS'
2026-09-01 14:50:57 | INFO     | alfresco_extractor:825 | Traza: BUSQUEDA | ELIMINAR_CONVENIOS | OK
2026-09-01 14:50:57 | INFO     | alfresco_extractor:791 | Fast path: expediente 'ELIMINAR_CONVENIOS' localizado vía buscador global.
2026-09-01 14:50:57 | INFO     | alfresco_extractor:978 | [4/749] 'ELIMINAR_CONVENIOS' -> ENCONTRADO
2026-09-01 14:50:57 | INFO     | alfresco_extractor:779 | Buscando ruta UAA='1110_SEDE_GUATIGUARA' | SERIE='C09_CONTRATOS' | SUB-SERIE='C09.12_ORDEN_TRABAJO'
2026-09-01 14:51:00 | INFO     | alfresco_extractor:825 | Traza: BUSQUEDA | 0019_2026000108_7047 | OK
2026-09-01 14:51:00 | INFO     | alfresco_extractor:791 | Fast path: expediente '0019_2026000108_7047' localizado vía buscador global.
2026-09-01 14:51:00 | INFO     | alfresco_extractor:978 | [5/749] '0019_2026000108_7047' -> ENCONTRADO
2026-09-01 14:51:00 | INFO     | alfresco_extractor:779 | Buscando ruta UAA='1110_SEDE_GUATIGUARA' | SERIE='C09_CONTRATOS' | SUB-SERIE='C09.12_ORDEN_TRABAJO'
2026-09-01 14:51:02 | INFO     | alfresco_extractor:825 | Traza: BUSQUEDA | 0019_2026000112_7047 | OK
2026-09-01 14:51:02 | INFO     | alfresco_extractor:791 | Fast path: expediente '0019_2026000112_7047' localizado vía buscador global.
2026-09-01 14:51:02 | INFO     | alfresco_extractor:978 | [6/749] '0019_2026000112_7047' -> ENCONTRADO
2026-09-01 14:51:02 | INFO     | alfresco_extractor:779 | Buscando ruta UAA='1110_SEDE_GUATIGUARA' | SERIE='C09_CONTRATOS' | SUB-SERIE='C09.33_ORDEN_SUMINISTROS'
2026-09-01 14:51:04 | INFO     | alfresco_extractor:825 | Traza: BUSQUEDA | 0298_2026000263_7047 | OK
2026-09-01 14:51:04 | INFO     | alfresco_extractor:791 | Fast path: expediente '0298_2026000263_7047' localizado vía buscador global.
2026-09-01 14:51:04 | INFO     | alfresco_extractor:978 | [7/749] '0298_2026000263_7047' -> ENCONTRADO
2026-09-01 14:51:04 | INFO     | alfresco_extractor:779 | Buscando ruta UAA='1112_UISALUD' | SERIE='C09_CONTRATOS' | SUB-SERIE='C09.08_ORDEN_COMPRA'
2026-09-01 14:51:06 | INFO     | alfresco_extractor:825 | Traza: BUSQUEDA | 0020_2026000252_9708 | OK
2026-09-01 14:51:06 | INFO     | alfresco_extractor:791 | Fast path: expediente '0020_2026000252_9708' localizado vía buscador global.
2026-09-01 14:51:06 | INFO     | alfresco_extractor:978 | [8/749] '0020_2026000252_9708' -> ENCONTRADO
2026-09-01 14:51:06 | INFO     | alfresco_extractor:779 | Buscando ruta UAA='1112_UISALUD' | SERIE='C09_CONTRATOS' | SUB-SERIE='C09.11_ORDEN_PRESTACION_SERVICIOS'
2026-09-01 14:51:08 | INFO     | alfresco_extractor:825 | Traza: BUSQUEDA | 2025000009_9701 | OK
2026-09-01 14:51:08 | INFO     | alfresco_extractor:791 | Fast path: expediente '2025000009_9701' localizado vía buscador global.
2026-09-01 14:51:08 | INFO     | alfresco_extractor:978 | [9/749] '2025000009_9701' -> ENCONTRADO
2026-09-01 14:51:08 | INFO     | alfresco_extractor:779 | Buscando ruta UAA='1112_UISALUD' | SERIE='C09_CONTRATOS' | SUB-SERIE='C09.11_ORDEN_PRESTACION_SERVICIOS'
2026-09-01 14:51:15 | INFO     | alfresco_extractor:825 | Traza: BUSQUEDA | 2025000430_9701 | OK
2026-09-01 14:51:15 | INFO     | alfresco_extractor:791 | Fast path: expediente '2025000430_9701' localizado vía buscador global.
2026-09-01 14:51:15 | INFO     | alfresco_extractor:978 | [10/749] '2025000430_9701' -> ENCONTRADO
2026-09-01 14:51:15 | INFO     | alfresco_extractor:779 | Buscando ruta UAA='1112_UISALUD' | SERIE='C09_CONTRATOS' | SUB-SERIE='C09.11_ORDEN_PRESTACION_SERVICIOS'
2026-09-01 14:51:24 | INFO     | alfresco_extractor:825 | Traza: BUSQUEDA | 2025001471_9701 | OK
2026-09-01 14:51:24 | INFO     | alfresco_extractor:791 | Fast path: expediente '2025001471_9701' localizado vía buscador global.
2026-09-01 14:51:24 | INFO     | alfresco_extractor:978 | [11/749] '2025001471_9701' -> ENCONTRADO
2026-09-01 14:51:24 | INFO     | alfresco_extractor:779 | Buscando ruta UAA='1112_UISALUD' | SERIE='C09_CONTRATOS' | SUB-SERIE='C09.11_ORDEN_PRESTACION_SERVICIOS'
2026-09-01 14:51:32 | INFO     | alfresco_extractor:825 | Traza: BUSQUEDA | 2025001473_9701 | OK
2026-09-01 14:51:32 | INFO     | alfresco_extractor:791 | Fast path: expediente '2025001473_9701' localizado vía buscador global.
2026-09-01 14:51:32 | INFO     | alfresco_extractor:978 | [12/749] '2025001473_9701' -> ENCONTRADO
2026-09-01 14:51:32 | INFO     | alfresco_extractor:779 | Buscando ruta UAA='1112_UISALUD' | SERIE='C09_CONTRATOS' | SUB-SERIE='C09.11_ORDEN_PRESTACION_SERVICIOS'
2026-09-01 14:51:40 | INFO     | alfresco_extractor:825 | Traza: BUSQUEDA | 2025002269_9701 | OK
2026-09-01 14:51:40 | INFO     | alfresco_extractor:791 | Fast path: expediente '2025002269_9701' localizado vía buscador global.
2026-09-01 14:51:40 | INFO     | alfresco_extractor:978 | [13/749] '2025002269_9701' -> ENCONTRADO
2026-09-01 14:51:40 | INFO     | alfresco_extractor:779 | Buscando ruta UAA='1112_UISALUD' | SERIE='C09_CONTRATOS' | SUB-SERIE='C09.11_ORDEN_PRESTACION_SERVICIOS'
2026-09-01 14:51:49 | INFO     | alfresco_extractor:825 | Traza: BUSQUEDA | 2025003242_9702 | OK
2026-09-01 14:51:49 | INFO     | alfresco_extractor:791 | Fast path: expediente '2025003242_9702' localizado vía buscador global.
2026-09-01 14:51:49 | INFO     | alfresco_extractor:978 | [14/749] '2025003242_9702' -> ENCONTRADO
2026-09-01 14:51:49 | INFO     | alfresco_extractor:779 | Buscando ruta UAA='1112_UISALUD' | SERIE='C09_CONTRATOS' | SUB-SERIE='C09.11_ORDEN_PRESTACION_SERVICIOS'
2026-09-01 14:51:57 | INFO     | alfresco_extractor:825 | Traza: BUSQUEDA | 2025003297_9701 | OK
2026-09-01 14:51:57 | INFO     | alfresco_extractor:791 | Fast path: expediente '2025003297_9701' localizado vía buscador global.
2026-09-01 14:51:57 | INFO     | alfresco_extractor:978 | [15/749] '2025003297_9701' -> ENCONTRADO
2026-09-01 14:51:57 | INFO     | alfresco_extractor:779 | Buscando ruta UAA='1112_UISALUD' | SERIE='C09_CONTRATOS' | SUB-SERIE='C09.11_ORDEN_PRESTACION_SERVICIOS'
2026-09-01 14:52:04 | INFO     | alfresco_extractor:825 | Traza: BUSQUEDA | 2025004240_9701 | OK
2026-09-01 14:52:04 | INFO     | alfresco_extractor:791 | Fast path: expediente '2025004240_9701' localizado vía buscador global.
2026-09-01 14:52:04 | INFO     | alfresco_extractor:978 | [16/749] '2025004240_9701' -> ENCONTRADO
2026-09-01 14:52:04 | INFO     | alfresco_extractor:779 | Buscando ruta UAA='1112_UISALUD' | SERIE='C09_CONTRATOS' | SUB-SERIE='C09.23_CONTR_PREST_SERVI_RED_SALUD'
2026-09-01 14:52:12 | INFO     | alfresco_extractor:825 | Traza: BUSQUEDA | 0270_2026000719_9701 | OK
2026-09-01 14:52:12 | INFO     | alfresco_extractor:791 | Fast path: expediente '0270_2026000719_9701' localizado vía buscador global.
2026-09-01 14:52:12 | INFO     | alfresco_extractor:978 | [17/749] '0270_2026000719_9701' -> ENCONTRADO
2026-09-01 14:52:12 | INFO     | alfresco_extractor:779 | Buscando ruta UAA='1112_UISALUD' | SERIE='C09_CONTRATOS' | SUB-SERIE='C09.23_CONTR_PREST_SERVI_RED_SALUD'
2026-09-01 14:52:20 | INFO     | alfresco_extractor:825 | Traza: BUSQUEDA | 0270_2026000733_9701 | OK
2026-09-01 14:52:20 | INFO     | alfresco_extractor:791 | Fast path: expediente '0270_2026000733_9701' localizado vía buscador global.
2026-09-01 14:52:20 | INFO     | alfresco_extractor:978 | [18/749] '0270_2026000733_9701' -> ENCONTRADO
2026-09-01 14:52:20 | INFO     | alfresco_extractor:779 | Buscando ruta UAA='1112_UISALUD' | SERIE='C09_CONTRATOS' | SUB-SERIE='C09.23_CONTR_PREST_SERVI_RED_SALUD'
2026-09-01 14:52:25 | INFO     | main:222 | Proceso interrumpido por el usuario.
2026-09-01 14:52:25 | INFO     | limpieza:68 | Purgado (antiguo): logs\ejecucion_20260901_112032.log
2026-09-01 14:52:25 | INFO     | limpieza:68 | Purgado (antiguo): logs\ejecucion_20260901_111826.log
2026-09-01 14:52:25 | INFO     | limpieza:68 | Purgado (antiguo): logs\ejecucion_20260901_111806.log
2026-09-01 14:52:25 | INFO     | limpieza:98 | Limpieza finalizada: 3 archivos purgados (logs de ejecución=3, HTML de diagnóstico=0, capturas de pantalla=0, consolidados con marca de tiempo=0, reportes contrato=0, reportes convenio=0, reportes proyecto=0).
