2026-09-01 16:51:30 | INFO     | main:227 | Inicio de ejecución: 2026-09-01T16:51:30.370183
2026-09-01 16:51:30 | INFO     | main:89 | ============================================================
2026-09-01 16:51:30 | INFO     | main:90 | FASE 2: Conciliación de reportes
2026-09-01 16:51:30 | INFO     | main:91 | ============================================================
2026-09-01 16:51:30 | INFO     | conciliacion_datos:134 | [+] Reporte_01-09-26 (1).xlsx: 58 filas
2026-09-01 16:51:30 | INFO     | conciliacion_datos:134 | [+] Reporte_01-09-26 (2).xlsx: 1 filas
2026-09-01 16:51:30 | INFO     | conciliacion_datos:134 | [+] Reporte_01-09-26.xlsx: 169 filas
2026-09-01 16:51:30 | INFO     | conciliacion_datos:146 | Filtradas filas sin NOMBRE EXPEDIENTE: 228 -> 228
2026-09-01 16:51:30 | INFO     | conciliacion_datos:150 | [OK] Consolidado guardado: C:\Users\manue\OneDrive\Documents\Práctica contratación\06_DEV_prod\automatizacion-sistema-contratacion\output\conciliacion_datos.csv (228 filas)
2026-09-01 16:51:30 | INFO     | main:235 | Consolidado listo (228 filas): C:\Users\manue\OneDrive\Documents\Práctica contratación\06_DEV_prod\automatizacion-sistema-contratacion\output\conciliacion_datos.csv
2026-09-01 16:51:30 | INFO     | main:119 | ============================================================
2026-09-01 16:51:30 | INFO     | main:120 | FASE 3: Verificación en Alfresco
2026-09-01 16:51:30 | INFO     | main:121 | ============================================================
2026-09-01 16:51:30 | INFO     | alfresco_extractor:1267 | Salida incremental: pasos=C:\Users\manue\OneDrive\Documents\Práctica contratación\06_DEV_prod\automatizacion-sistema-contratacion\output\verificacion_alfresco_pasos.csv | resumen=C:\Users\manue\OneDrive\Documents\Práctica contratación\06_DEV_prod\automatizacion-sistema-contratacion\output\verificacion_alfresco.csv
2026-09-01 16:51:32 | INFO     | alfresco_extractor:126 | Driver Chrome iniciado correctamente.
2026-09-01 16:51:32 | INFO     | alfresco_extractor:138 | Navegando a página de login Alfresco Share: https://gesdoc.uis.edu.co/share/page
2026-09-01 16:51:35 | INFO     | alfresco_extractor:173 | Autenticación exitosa para usuario: consulta_contratos
2026-09-01 16:51:35 | INFO     | alfresco_extractor:1135 | CSV cargado: 228 filas. Columnas: ['NOMBRE EXPEDIENTE', 'NÚMERO CONTRATO', 'UAA', 'SERIE', 'SUBSERIE']
2026-09-01 16:51:35 | INFO     | alfresco_extractor:1143 | CSV reordenado por ruta (UAA -> SERIE -> SUB-SERIE).
2026-09-01 16:51:36 | INFO     | alfresco_extractor:214 | Menú 'Repositorio' clickeado. Espere a que cargue la vista del repositorio.
2026-09-01 16:51:36 | INFO     | alfresco_extractor:219 | Navegando directamente al repositorio: https://gesdoc.uis.edu.co/share/page/repository
2026-09-01 16:51:36 | INFO     | alfresco_extractor:229 | Árbol del repositorio cargado (raíz 'REPOSITORIO_UIS_0002').
2026-09-01 16:51:42 | INFO     | alfresco_extractor:790 | Fast path: buscando 'ELIMINAR_CONTRATOS' en 'header'.
2026-09-01 16:51:52 | INFO     | alfresco_extractor:634 | Corroboración ZIP de 'ELIMINAR_CONTRATOS': 51 ítems -> C:\Users\manue\OneDrive\Documents\Práctica contratación\06_DEV_prod\automatizacion-sistema-contratacion\output\expedientes_verificados\ELIMINAR_CONTRATOS
2026-09-01 16:51:52 | INFO     | alfresco_extractor:998 | Traza: BUSQUEDA | ELIMINAR_CONTRATOS | OK
2026-09-01 16:51:52 | INFO     | alfresco_extractor:1180 | Fast path: 'ELIMINAR_CONTRATOS' localizado vía buscador global.
2026-09-01 16:51:52 | INFO     | alfresco_extractor:1187 | [1/228] (búsqueda) 'ELIMINAR_CONTRATOS' -> ENCONTRADO
2026-09-01 16:51:57 | INFO     | alfresco_extractor:790 | Fast path: buscando 'ELIMINAR_CONVENIOS' en 'header'.
2026-09-01 16:52:08 | INFO     | alfresco_extractor:577 | DOM de diagnóstico guardado: C:\Users\manue\OneDrive\Documents\Práctica contratación\06_DEV_prod\automatizacion-sistema-contratacion\logs\diagnostico\alfresco_sin_resultados_1788299528544.html
2026-09-01 16:52:08 | INFO     | alfresco_extractor:1194 | [2/228] (búsqueda) 'ELIMINAR_CONVENIOS' -> NO ENCONTRADO (pasa a reintento)
2026-09-01 16:52:08 | INFO     | alfresco_extractor:790 | Fast path: buscando '2025000430_9701' en 'header'.
2026-09-01 16:52:18 | INFO     | alfresco_extractor:790 | Fast path: buscando '2025000430_9701' en 'searchTerm'.
2026-09-01 16:52:29 | INFO     | alfresco_extractor:577 | DOM de diagnóstico guardado: C:\Users\manue\OneDrive\Documents\Práctica contratación\06_DEV_prod\automatizacion-sistema-contratacion\logs\diagnostico\alfresco_sin_resultados_1788299549634.html
2026-09-01 16:52:29 | INFO     | alfresco_extractor:1194 | [3/228] (búsqueda) '2025000430_9701' -> NO ENCONTRADO (pasa a reintento)
2026-09-01 16:52:29 | INFO     | alfresco_extractor:790 | Fast path: buscando '0270_2026000733_9701' en 'header'.
2026-09-01 16:52:40 | INFO     | alfresco_extractor:790 | Fast path: buscando '0270_2026000733_9701' en 'searchTerm'.
2026-09-01 16:52:50 | INFO     | alfresco_extractor:634 | Corroboración ZIP de '0270_2026000733_9701': 43 ítems -> C:\Users\manue\OneDrive\Documents\Práctica contratación\06_DEV_prod\automatizacion-sistema-contratacion\output\expedientes_verificados\0270_2026000733_9701
2026-09-01 16:52:50 | INFO     | alfresco_extractor:998 | Traza: BUSQUEDA | 0270_2026000733_9701 | OK
2026-09-01 16:52:50 | INFO     | alfresco_extractor:1180 | Fast path: '0270_2026000733_9701' localizado vía buscador global.
2026-09-01 16:52:50 | INFO     | alfresco_extractor:1187 | [4/228] (búsqueda) '0270_2026000733_9701' -> ENCONTRADO
2026-09-01 16:52:55 | INFO     | alfresco_extractor:790 | Fast path: buscando '0270_2026000744_9701' en 'header'.
2026-09-01 16:53:06 | INFO     | alfresco_extractor:634 | Corroboración ZIP de '0270_2026000744_9701': 50 ítems -> C:\Users\manue\OneDrive\Documents\Práctica contratación\06_DEV_prod\automatizacion-sistema-contratacion\output\expedientes_verificados\0270_2026000744_9701
2026-09-01 16:53:06 | INFO     | alfresco_extractor:998 | Traza: BUSQUEDA | 0270_2026000744_9701 | OK
2026-09-01 16:53:06 | INFO     | alfresco_extractor:1180 | Fast path: '0270_2026000744_9701' localizado vía buscador global.
2026-09-01 16:53:06 | INFO     | alfresco_extractor:1187 | [5/228] (búsqueda) '0270_2026000744_9701' -> ENCONTRADO
2026-09-01 16:53:11 | INFO     | alfresco_extractor:790 | Fast path: buscando '2025000022_9701_9703' en 'header'.
2026-09-01 16:53:25 | INFO     | alfresco_extractor:634 | Corroboración ZIP de '2025000022_9701_9703': 51 ítems -> C:\Users\manue\OneDrive\Documents\Práctica contratación\06_DEV_prod\automatizacion-sistema-contratacion\output\expedientes_verificados\2025000022_9701_9703
2026-09-01 16:53:25 | INFO     | alfresco_extractor:998 | Traza: BUSQUEDA | 2025000022_9701_9703 | OK
2026-09-01 16:53:25 | INFO     | alfresco_extractor:1180 | Fast path: '2025000022_9701_9703' localizado vía buscador global.
2026-09-01 16:53:25 | INFO     | alfresco_extractor:1187 | [6/228] (búsqueda) '2025000022_9701_9703' -> ENCONTRADO
2026-09-01 16:53:30 | INFO     | alfresco_extractor:790 | Fast path: buscando '2025000026_9701' en 'header'.
2026-09-01 16:53:41 | INFO     | alfresco_extractor:577 | DOM de diagnóstico guardado: C:\Users\manue\OneDrive\Documents\Práctica contratación\06_DEV_prod\automatizacion-sistema-contratacion\logs\diagnostico\alfresco_sin_resultados_1788299621380.html
2026-09-01 16:53:41 | INFO     | alfresco_extractor:1194 | [7/228] (búsqueda) '2025000026_9701' -> NO ENCONTRADO (pasa a reintento)
2026-09-01 16:53:41 | INFO     | alfresco_extractor:790 | Fast path: buscando '2025000041_9701' en 'header'.
2026-09-01 16:53:51 | INFO     | alfresco_extractor:790 | Fast path: buscando '2025000041_9701' en 'searchTerm'.
2026-09-01 16:54:02 | INFO     | alfresco_extractor:577 | DOM de diagnóstico guardado: C:\Users\manue\OneDrive\Documents\Práctica contratación\06_DEV_prod\automatizacion-sistema-contratacion\logs\diagnostico\alfresco_sin_resultados_1788299642408.html
2026-09-01 16:54:02 | INFO     | alfresco_extractor:1194 | [8/228] (búsqueda) '2025000041_9701' -> NO ENCONTRADO (pasa a reintento)
2026-09-01 16:54:02 | INFO     | alfresco_extractor:790 | Fast path: buscando '2025000062_9702' en 'header'.
2026-09-01 16:54:12 | INFO     | alfresco_extractor:790 | Fast path: buscando '2025000062_9702' en 'searchTerm'.
2026-09-01 16:54:24 | INFO     | alfresco_extractor:634 | Corroboración ZIP de '2025000062_9702': 51 ítems -> C:\Users\manue\OneDrive\Documents\Práctica contratación\06_DEV_prod\automatizacion-sistema-contratacion\output\expedientes_verificados\2025000062_9702
2026-09-01 16:54:24 | INFO     | alfresco_extractor:998 | Traza: BUSQUEDA | 2025000062_9702 | OK
2026-09-01 16:54:24 | INFO     | alfresco_extractor:1180 | Fast path: '2025000062_9702' localizado vía buscador global.
2026-09-01 16:54:24 | INFO     | alfresco_extractor:1187 | [9/228] (búsqueda) '2025000062_9702' -> ENCONTRADO
2026-09-01 16:54:29 | INFO     | alfresco_extractor:790 | Fast path: buscando '2025000066_9708' en 'header'.
2026-09-01 16:54:40 | INFO     | alfresco_extractor:577 | DOM de diagnóstico guardado: C:\Users\manue\OneDrive\Documents\Práctica contratación\06_DEV_prod\automatizacion-sistema-contratacion\logs\diagnostico\alfresco_sin_resultados_1788299680250.html
2026-09-01 16:54:40 | INFO     | alfresco_extractor:1194 | [10/228] (búsqueda) '2025000066_9708' -> NO ENCONTRADO (pasa a reintento)
2026-09-01 16:54:40 | INFO     | alfresco_extractor:790 | Fast path: buscando '2025000086_9708' en 'header'.
2026-09-01 16:54:50 | INFO     | alfresco_extractor:790 | Fast path: buscando '2025000086_9708' en 'searchTerm'.
2026-09-01 16:55:01 | INFO     | alfresco_extractor:577 | DOM de diagnóstico guardado: C:\Users\manue\OneDrive\Documents\Práctica contratación\06_DEV_prod\automatizacion-sistema-contratacion\logs\diagnostico\alfresco_sin_resultados_1788299701561.html
2026-09-01 16:55:01 | INFO     | alfresco_extractor:1194 | [11/228] (búsqueda) '2025000086_9708' -> NO ENCONTRADO (pasa a reintento)
2026-09-01 16:55:01 | INFO     | alfresco_extractor:790 | Fast path: buscando '2025000087_9701' en 'header'.
2026-09-01 16:55:12 | INFO     | alfresco_extractor:790 | Fast path: buscando '2025000087_9701' en 'searchTerm'.
2026-09-01 16:55:22 | INFO     | alfresco_extractor:577 | DOM de diagnóstico guardado: C:\Users\manue\OneDrive\Documents\Práctica contratación\06_DEV_prod\automatizacion-sistema-contratacion\logs\diagnostico\alfresco_sin_resultados_1788299722764.html
2026-09-01 16:55:22 | INFO     | alfresco_extractor:1194 | [12/228] (búsqueda) '2025000087_9701' -> NO ENCONTRADO (pasa a reintento)
2026-09-01 16:55:22 | INFO     | alfresco_extractor:790 | Fast path: buscando '2025000092_9702' en 'header'.
2026-09-01 16:55:33 | INFO     | alfresco_extractor:790 | Fast path: buscando '2025000092_9702' en 'searchTerm'.
2026-09-01 16:55:43 | INFO     | alfresco_extractor:577 | DOM de diagnóstico guardado: C:\Users\manue\OneDrive\Documents\Práctica contratación\06_DEV_prod\automatizacion-sistema-contratacion\logs\diagnostico\alfresco_sin_resultados_1788299743976.html
2026-09-01 16:55:43 | INFO     | alfresco_extractor:1194 | [13/228] (búsqueda) '2025000092_9702' -> NO ENCONTRADO (pasa a reintento)
2026-09-01 16:55:44 | INFO     | alfresco_extractor:790 | Fast path: buscando '2025000119_9701' en 'header'.
2026-09-01 16:55:51 | INFO     | alfresco_extractor:634 | Corroboración ZIP de '2025000119_9701': 51 ítems -> C:\Users\manue\OneDrive\Documents\Práctica contratación\06_DEV_prod\automatizacion-sistema-contratacion\output\expedientes_verificados\2025000119_9701
2026-09-01 16:55:51 | INFO     | alfresco_extractor:998 | Traza: BUSQUEDA | 2025000119_9701 | OK
2026-09-01 16:55:51 | INFO     | alfresco_extractor:1180 | Fast path: '2025000119_9701' localizado vía buscador global.
2026-09-01 16:55:51 | INFO     | alfresco_extractor:1187 | [14/228] (búsqueda) '2025000119_9701' -> ENCONTRADO
2026-09-01 16:55:56 | INFO     | alfresco_extractor:790 | Fast path: buscando '2025000123_9701' en 'header'.
2026-09-01 16:56:07 | INFO     | alfresco_extractor:577 | DOM de diagnóstico guardado: C:\Users\manue\OneDrive\Documents\Práctica contratación\06_DEV_prod\automatizacion-sistema-contratacion\logs\diagnostico\alfresco_sin_resultados_1788299767440.html
2026-09-01 16:56:07 | INFO     | alfresco_extractor:1194 | [15/228] (búsqueda) '2025000123_9701' -> NO ENCONTRADO (pasa a reintento)
2026-09-01 16:56:07 | INFO     | alfresco_extractor:790 | Fast path: buscando '2025000131_9701' en 'header'.
2026-09-01 16:56:17 | INFO     | alfresco_extractor:790 | Fast path: buscando '2025000131_9701' en 'searchTerm'.
2026-09-01 16:56:27 | INFO     | alfresco_extractor:634 | Corroboración ZIP de '2025000131_9701': 23 ítems -> C:\Users\manue\OneDrive\Documents\Práctica contratación\06_DEV_prod\automatizacion-sistema-contratacion\output\expedientes_verificados\2025000131_9701
2026-09-01 16:56:27 | INFO     | alfresco_extractor:998 | Traza: BUSQUEDA | 2025000131_9701 | OK
2026-09-01 16:56:27 | INFO     | alfresco_extractor:1180 | Fast path: '2025000131_9701' localizado vía buscador global.
2026-09-01 16:56:27 | INFO     | alfresco_extractor:1187 | [16/228] (búsqueda) '2025000131_9701' -> ENCONTRADO
2026-09-01 16:56:32 | INFO     | alfresco_extractor:790 | Fast path: buscando '2025000145_9701' en 'header'.
2026-09-01 16:56:43 | INFO     | alfresco_extractor:577 | DOM de diagnóstico guardado: C:\Users\manue\OneDrive\Documents\Práctica contratación\06_DEV_prod\automatizacion-sistema-contratacion\logs\diagnostico\alfresco_sin_resultados_1788299803842.html
2026-09-01 16:56:43 | INFO     | alfresco_extractor:1194 | [17/228] (búsqueda) '2025000145_9701' -> NO ENCONTRADO (pasa a reintento)
2026-09-01 16:56:43 | INFO     | alfresco_extractor:790 | Fast path: buscando '2025000159_9702' en 'header'.
2026-09-01 16:56:54 | INFO     | alfresco_extractor:790 | Fast path: buscando '2025000159_9702' en 'searchTerm'.
2026-09-01 16:57:05 | INFO     | alfresco_extractor:634 | Corroboración ZIP de '2025000159_9702': 51 ítems -> C:\Users\manue\OneDrive\Documents\Práctica contratación\06_DEV_prod\automatizacion-sistema-contratacion\output\expedientes_verificados\2025000159_9702
2026-09-01 16:57:05 | INFO     | alfresco_extractor:998 | Traza: BUSQUEDA | 2025000159_9702 | OK
2026-09-01 16:57:05 | INFO     | alfresco_extractor:1180 | Fast path: '2025000159_9702' localizado vía buscador global.
2026-09-01 16:57:05 | INFO     | alfresco_extractor:1187 | [18/228] (búsqueda) '2025000159_9702' -> ENCONTRADO
2026-09-01 16:57:10 | INFO     | alfresco_extractor:790 | Fast path: buscando '2025000162_9701' en 'header'.
2026-09-01 16:57:22 | INFO     | alfresco_extractor:634 | Corroboración ZIP de '2025000162_9701': 38 ítems -> C:\Users\manue\OneDrive\Documents\Práctica contratación\06_DEV_prod\automatizacion-sistema-contratacion\output\expedientes_verificados\2025000162_9701
2026-09-01 16:57:22 | INFO     | alfresco_extractor:998 | Traza: BUSQUEDA | 2025000162_9701 | OK
2026-09-01 16:57:22 | INFO     | alfresco_extractor:1180 | Fast path: '2025000162_9701' localizado vía buscador global.
2026-09-01 16:57:22 | INFO     | alfresco_extractor:1187 | [19/228] (búsqueda) '2025000162_9701' -> ENCONTRADO
2026-09-01 16:57:27 | INFO     | alfresco_extractor:790 | Fast path: buscando '2025000178_9701' en 'header'.
2026-09-01 16:57:38 | INFO     | alfresco_extractor:634 | Corroboración ZIP de '2025000178_9701': 51 ítems -> C:\Users\manue\OneDrive\Documents\Práctica contratación\06_DEV_prod\automatizacion-sistema-contratacion\output\expedientes_verificados\2025000178_9701
2026-09-01 16:57:38 | INFO     | alfresco_extractor:998 | Traza: BUSQUEDA | 2025000178_9701 | OK
2026-09-01 16:57:38 | INFO     | alfresco_extractor:1180 | Fast path: '2025000178_9701' localizado vía buscador global.
2026-09-01 16:57:38 | INFO     | alfresco_extractor:1187 | [20/228] (búsqueda) '2025000178_9701' -> ENCONTRADO
2026-09-01 16:57:43 | INFO     | alfresco_extractor:790 | Fast path: buscando '2025000183_9707' en 'header'.
2026-09-01 16:57:54 | INFO     | alfresco_extractor:1194 | [21/228] (búsqueda) '2025000183_9707' -> NO ENCONTRADO (pasa a reintento)
2026-09-01 16:57:54 | INFO     | alfresco_extractor:790 | Fast path: buscando '2025000188_9701' en 'header'.
2026-09-01 16:58:05 | INFO     | alfresco_extractor:790 | Fast path: buscando '2025000188_9701' en 'searchTerm'.
2026-09-01 16:58:14 | INFO     | alfresco_extractor:634 | Corroboración ZIP de '2025000188_9701': 24 ítems -> C:\Users\manue\OneDrive\Documents\Práctica contratación\06_DEV_prod\automatizacion-sistema-contratacion\output\expedientes_verificados\2025000188_9701
2026-09-01 16:58:14 | INFO     | alfresco_extractor:998 | Traza: BUSQUEDA | 2025000188_9701 | OK
2026-09-01 16:58:14 | INFO     | alfresco_extractor:1180 | Fast path: '2025000188_9701' localizado vía buscador global.
2026-09-01 16:58:14 | INFO     | alfresco_extractor:1187 | [22/228] (búsqueda) '2025000188_9701' -> ENCONTRADO
2026-09-01 16:58:19 | INFO     | alfresco_extractor:790 | Fast path: buscando '2025000191_9701' en 'header'.
2026-09-01 16:58:30 | INFO     | alfresco_extractor:1194 | [23/228] (búsqueda) '2025000191_9701' -> NO ENCONTRADO (pasa a reintento)
2026-09-01 16:58:30 | INFO     | alfresco_extractor:790 | Fast path: buscando '2025000223_9702' en 'header'.
2026-09-01 16:58:40 | INFO     | alfresco_extractor:790 | Fast path: buscando '2025000223_9702' en 'searchTerm'.
2026-09-01 16:58:51 | INFO     | alfresco_extractor:1194 | [24/228] (búsqueda) '2025000223_9702' -> NO ENCONTRADO (pasa a reintento)
2026-09-01 16:58:51 | INFO     | alfresco_extractor:790 | Fast path: buscando '2025000227_9702' en 'header'.
2026-09-01 16:59:01 | INFO     | alfresco_extractor:790 | Fast path: buscando '2025000227_9702' en 'searchTerm'.
2026-09-01 16:59:12 | INFO     | alfresco_extractor:1194 | [25/228] (búsqueda) '2025000227_9702' -> NO ENCONTRADO (pasa a reintento)
2026-09-01 16:59:12 | INFO     | alfresco_extractor:790 | Fast path: buscando '2025000232_9702' en 'header'.
2026-09-01 16:59:22 | INFO     | alfresco_extractor:790 | Fast path: buscando '2025000232_9702' en 'searchTerm'.
2026-09-01 16:59:33 | INFO     | alfresco_extractor:1194 | [26/228] (búsqueda) '2025000232_9702' -> NO ENCONTRADO (pasa a reintento)
2026-09-01 16:59:33 | INFO     | alfresco_extractor:790 | Fast path: buscando '2025000233_9702' en 'header'.
2026-09-01 16:59:43 | INFO     | alfresco_extractor:790 | Fast path: buscando '2025000233_9702' en 'searchTerm'.
2026-09-01 16:59:56 | INFO     | alfresco_extractor:634 | Corroboración ZIP de '2025000233_9702': 51 ítems -> C:\Users\manue\OneDrive\Documents\Práctica contratación\06_DEV_prod\automatizacion-sistema-contratacion\output\expedientes_verificados\2025000233_9702
2026-09-01 16:59:56 | INFO     | alfresco_extractor:998 | Traza: BUSQUEDA | 2025000233_9702 | OK
2026-09-01 16:59:56 | INFO     | alfresco_extractor:1180 | Fast path: '2025000233_9702' localizado vía buscador global.
2026-09-01 16:59:56 | INFO     | alfresco_extractor:1187 | [27/228] (búsqueda) '2025000233_9702' -> ENCONTRADO
2026-09-01 17:00:01 | INFO     | alfresco_extractor:790 | Fast path: buscando '2025000235_9702' en 'header'.
2026-09-01 17:00:12 | INFO     | alfresco_extractor:634 | Corroboración ZIP de '2025000235_9702': 51 ítems -> C:\Users\manue\OneDrive\Documents\Práctica contratación\06_DEV_prod\automatizacion-sistema-contratacion\output\expedientes_verificados\2025000235_9702
2026-09-01 17:00:12 | INFO     | alfresco_extractor:998 | Traza: BUSQUEDA | 2025000235_9702 | OK
2026-09-01 17:00:12 | INFO     | alfresco_extractor:1180 | Fast path: '2025000235_9702' localizado vía buscador global.
2026-09-01 17:00:12 | INFO     | alfresco_extractor:1187 | [28/228] (búsqueda) '2025000235_9702' -> ENCONTRADO
2026-09-01 17:00:17 | INFO     | alfresco_extractor:790 | Fast path: buscando '2025000249_9701' en 'header'.
2026-09-01 17:00:33 | INFO     | alfresco_extractor:634 | Corroboración ZIP de '2025000249_9701': 51 ítems -> C:\Users\manue\OneDrive\Documents\Práctica contratación\06_DEV_prod\automatizacion-sistema-contratacion\output\expedientes_verificados\2025000249_9701
2026-09-01 17:00:33 | INFO     | alfresco_extractor:998 | Traza: BUSQUEDA | 2025000249_9701 | OK
2026-09-01 17:00:33 | INFO     | alfresco_extractor:1180 | Fast path: '2025000249_9701' localizado vía buscador global.
2026-09-01 17:00:33 | INFO     | alfresco_extractor:1187 | [29/228] (búsqueda) '2025000249_9701' -> ENCONTRADO
2026-09-01 17:00:38 | INFO     | alfresco_extractor:790 | Fast path: buscando '2025000258_9701' en 'header'.
2026-09-01 17:00:49 | INFO     | alfresco_extractor:1194 | [30/228] (búsqueda) '2025000258_9701' -> NO ENCONTRADO (pasa a reintento)
2026-09-01 17:00:49 | INFO     | alfresco_extractor:790 | Fast path: buscando '2025000276_9701' en 'header'.
2026-09-01 17:00:59 | INFO     | alfresco_extractor:790 | Fast path: buscando '2025000276_9701' en 'searchTerm'.
2026-09-01 17:01:10 | INFO     | alfresco_extractor:1194 | [31/228] (búsqueda) '2025000276_9701' -> NO ENCONTRADO (pasa a reintento)
2026-09-01 17:01:10 | INFO     | alfresco_extractor:790 | Fast path: buscando '2025000286_9701' en 'header'.
2026-09-01 17:01:20 | INFO     | alfresco_extractor:790 | Fast path: buscando '2025000286_9701' en 'searchTerm'.
2026-09-01 17:01:29 | INFO     | alfresco_extractor:634 | Corroboración ZIP de '2025000286_9701': 51 ítems -> C:\Users\manue\OneDrive\Documents\Práctica contratación\06_DEV_prod\automatizacion-sistema-contratacion\output\expedientes_verificados\2025000286_9701
2026-09-01 17:01:29 | INFO     | alfresco_extractor:998 | Traza: BUSQUEDA | 2025000286_9701 | OK
2026-09-01 17:01:29 | INFO     | alfresco_extractor:1180 | Fast path: '2025000286_9701' localizado vía buscador global.
2026-09-01 17:01:29 | INFO     | alfresco_extractor:1187 | [32/228] (búsqueda) '2025000286_9701' -> ENCONTRADO
2026-09-01 17:01:34 | INFO     | alfresco_extractor:790 | Fast path: buscando '2025000290_9701' en 'header'.
2026-09-01 17:01:45 | INFO     | alfresco_extractor:1194 | [33/228] (búsqueda) '2025000290_9701' -> NO ENCONTRADO (pasa a reintento)
2026-09-01 17:01:45 | INFO     | alfresco_extractor:790 | Fast path: buscando '2025000294_9701' en 'header'.
2026-09-01 17:01:55 | INFO     | alfresco_extractor:790 | Fast path: buscando '2025000294_9701' en 'searchTerm'.
2026-09-01 17:02:06 | INFO     | alfresco_extractor:1194 | [34/228] (búsqueda) '2025000294_9701' -> NO ENCONTRADO (pasa a reintento)
2026-09-01 17:02:06 | INFO     | alfresco_extractor:790 | Fast path: buscando '2025000303_9701' en 'header'.
2026-09-01 17:02:16 | INFO     | alfresco_extractor:790 | Fast path: buscando '2025000303_9701' en 'searchTerm'.
2026-09-01 17:02:27 | INFO     | alfresco_extractor:1194 | [35/228] (búsqueda) '2025000303_9701' -> NO ENCONTRADO (pasa a reintento)
2026-09-01 17:02:27 | INFO     | alfresco_extractor:790 | Fast path: buscando '2025000304_9701' en 'header'.
2026-09-01 17:02:37 | INFO     | alfresco_extractor:634 | Corroboración ZIP de '2025000304_9701': 51 ítems -> C:\Users\manue\OneDrive\Documents\Práctica contratación\06_DEV_prod\automatizacion-sistema-contratacion\output\expedientes_verificados\2025000304_9701
2026-09-01 17:02:37 | INFO     | alfresco_extractor:998 | Traza: BUSQUEDA | 2025000304_9701 | OK
2026-09-01 17:02:37 | INFO     | alfresco_extractor:1180 | Fast path: '2025000304_9701' localizado vía buscador global.
2026-09-01 17:02:37 | INFO     | alfresco_extractor:1187 | [36/228] (búsqueda) '2025000304_9701' -> ENCONTRADO
2026-09-01 17:02:42 | INFO     | alfresco_extractor:790 | Fast path: buscando '2025000316_9707' en 'header'.
2026-09-01 17:02:53 | INFO     | alfresco_extractor:1194 | [37/228] (búsqueda) '2025000316_9707' -> NO ENCONTRADO (pasa a reintento)
2026-09-01 17:02:53 | INFO     | alfresco_extractor:790 | Fast path: buscando '2025000317_9707' en 'header'.
2026-09-01 17:03:04 | INFO     | alfresco_extractor:634 | Corroboración ZIP de '2025000317_9707': 39 ítems -> C:\Users\manue\OneDrive\Documents\Práctica contratación\06_DEV_prod\automatizacion-sistema-contratacion\output\expedientes_verificados\2025000317_9707
2026-09-01 17:03:04 | INFO     | alfresco_extractor:998 | Traza: BUSQUEDA | 2025000317_9707 | OK
2026-09-01 17:03:04 | INFO     | alfresco_extractor:1180 | Fast path: '2025000317_9707' localizado vía buscador global.
2026-09-01 17:03:04 | INFO     | alfresco_extractor:1187 | [38/228] (búsqueda) '2025000317_9707' -> ENCONTRADO
2026-09-01 17:03:10 | INFO     | alfresco_extractor:790 | Fast path: buscando '2025000318_9701' en 'header'.
2026-09-01 17:03:22 | INFO     | main:241 | Proceso interrumpido por el usuario.
2026-09-01 17:03:22 | INFO     | limpieza:68 | Purgado (antiguo): logs\ejecucion_20260901_163043.log
2026-09-01 17:03:22 | INFO     | limpieza:68 | Purgado (antiguo): logs\ejecucion_20260901_163027.log
2026-09-01 17:03:22 | INFO     | limpieza:68 | Purgado (antiguo): logs\ejecucion_20260901_162420.log
2026-09-01 17:03:22 | INFO     | limpieza:68 | Purgado (antiguo): logs\diagnostico\alfresco_sin_resultados_1788298817778.html
2026-09-01 17:03:22 | INFO     | limpieza:68 | Purgado (antiguo): logs\diagnostico\alfresco_sin_resultados_1788298771964.html
2026-09-01 17:03:22 | INFO     | limpieza:68 | Purgado (antiguo): logs\diagnostico\alfresco_sin_resultados_1788298716533.html
2026-09-01 17:03:22 | INFO     | limpieza:68 | Purgado (antiguo): logs\diagnostico\alfresco_sin_resultados_1788298695518.html
2026-09-01 17:03:22 | INFO     | limpieza:68 | Purgado (antiguo): logs\diagnostico\alfresco_sin_resultados_1788298657968.html
2026-09-01 17:03:22 | INFO     | limpieza:68 | Purgado (antiguo): logs\diagnostico\alfresco_sin_resultados_1788298566483.html
2026-09-01 17:03:22 | INFO     | limpieza:68 | Purgado (antiguo): logs\diagnostico\alfresco_sin_resultados_1788298536026.html
2026-09-01 17:03:22 | INFO     | limpieza:68 | Purgado (antiguo): logs\diagnostico\alfresco_sin_resultados_1788298508244.html
2026-09-01 17:03:22 | INFO     | limpieza:68 | Purgado (antiguo): logs\diagnostico\alfresco_sin_resultados_1788298443589.html
2026-09-01 17:03:22 | INFO     | limpieza:68 | Purgado (antiguo): logs\diagnostico\alfresco_sin_resultados_1788297296640.html
2026-09-01 17:03:22 | INFO     | limpieza:98 | Limpieza finalizada: 13 archivos purgados (logs de ejecución=3, HTML de diagnóstico=10, capturas de pantalla=0, consolidados con marca de tiempo=0, reportes contrato=0, reportes convenio=0, reportes proyecto=0).
