2026-09-01 11:20:33 | INFO     | main:208 | Inicio de ejecución: 2026-09-01T11:20:33.504290
2026-09-01 11:20:33 | INFO     | main:89 | ============================================================
2026-09-01 11:20:33 | INFO     | main:90 | FASE 2: Conciliación de reportes
2026-09-01 11:20:33 | INFO     | main:91 | ============================================================
2026-09-01 11:20:33 | INFO     | conciliacion_datos:134 | [+] Reporte_31-08-26 (1).xlsx: 120 filas
2026-09-01 11:20:33 | INFO     | conciliacion_datos:134 | [+] Reporte_31-08-26 (2).xlsx: 1 filas
2026-09-01 11:20:34 | INFO     | conciliacion_datos:134 | [+] Reporte_31-08-26.xlsx: 628 filas
2026-09-01 11:20:34 | INFO     | conciliacion_datos:146 | Filtradas filas sin NOMBRE EXPEDIENTE: 749 -> 749
2026-09-01 11:20:34 | INFO     | conciliacion_datos:150 | [OK] Consolidado guardado: c:\Users\manue\OneDrive\Documents\Práctica contratación\06_DEV_prod\automatizacion-sistema-contratacion\output\conciliacion_datos.csv (749 filas)
2026-09-01 11:20:34 | INFO     | main:216 | Consolidado listo (749 filas): c:\Users\manue\OneDrive\Documents\Práctica contratación\06_DEV_prod\automatizacion-sistema-contratacion\output\conciliacion_datos.csv
2026-09-01 11:20:34 | INFO     | main:119 | ============================================================
2026-09-01 11:20:34 | INFO     | main:120 | FASE 3: Verificación en Alfresco
2026-09-01 11:20:34 | INFO     | main:121 | ============================================================
2026-09-01 11:20:34 | INFO     | alfresco_extractor:905 | Salida incremental: pasos=c:\Users\manue\OneDrive\Documents\Práctica contratación\06_DEV_prod\automatizacion-sistema-contratacion\output\verificacion_alfresco_pasos.csv | resumen=c:\Users\manue\OneDrive\Documents\Práctica contratación\06_DEV_prod\automatizacion-sistema-contratacion\output\verificacion_alfresco.csv
2026-09-01 11:20:36 | INFO     | alfresco_extractor:114 | Driver Chrome iniciado correctamente.
2026-09-01 11:20:36 | INFO     | alfresco_extractor:126 | Navegando a página de login Alfresco Share: https://gesdoc.uis.edu.co/share/page
2026-09-01 11:20:42 | INFO     | alfresco_extractor:161 | Autenticación exitosa para usuario: consulta_contratos
2026-09-01 11:20:42 | INFO     | alfresco_extractor:927 | HTML de diagnóstico guardado: c:\Users\manue\OneDrive\Documents\Práctica contratación\06_DEV_prod\automatizacion-sistema-contratacion\logs\diagnostico\post_login_1788279642.html
2026-09-01 11:20:42 | INFO     | alfresco_extractor:800 | CSV cargado: 749 filas. Columnas: ['NOMBRE EXPEDIENTE', 'NÚMERO CONTRATO', 'UAA', 'SERIE', 'SUBSERIE']
2026-09-01 11:20:42 | INFO     | alfresco_extractor:810 | CSV reordenado por ruta (UAA -> SERIE -> SUB-SERIE) para reutilizar nodos.
2026-09-01 11:20:42 | INFO     | alfresco_extractor:203 | Menú 'Repositorio' clickeado. Espere a que cargue la vista del repositorio.
2026-09-01 11:20:46 | INFO     | alfresco_extractor:218 | Árbol del repositorio cargado (raíz 'REPOSITORIO_UIS_0002').
2026-09-01 11:20:46 | INFO     | alfresco_extractor:681 | Buscando ruta UAA='1110_RECTORIA' | SERIE='C09_CONTRATOS' | SUB-SERIE='C09.08_ORDEN_COMPRA'
2026-09-01 11:20:53 | INFO     | alfresco_extractor:729 | Traza: BUSQUEDA | 000000000000000000 | OK
2026-09-01 11:20:53 | INFO     | alfresco_extractor:693 | Fast path: expediente '000000000000000000' localizado vía buscador global.
2026-09-01 11:20:53 | INFO     | alfresco_extractor:884 | [1/749] '000000000000000000' -> ENCONTRADO
2026-09-01 11:20:53 | INFO     | alfresco_extractor:681 | Buscando ruta UAA='1110_RECTORIA' | SERIE='C09_CONTRATOS' | SUB-SERIE='C09.08_ORDEN_COMPRA'
2026-09-01 11:20:58 | INFO     | alfresco_extractor:729 | Traza: BUSQUEDA | 0020_2026000214_7098 | OK
2026-09-01 11:20:58 | INFO     | alfresco_extractor:693 | Fast path: expediente '0020_2026000214_7098' localizado vía buscador global.
2026-09-01 11:20:58 | INFO     | alfresco_extractor:884 | [2/749] '0020_2026000214_7098' -> ENCONTRADO
2026-09-01 11:20:58 | INFO     | alfresco_extractor:681 | Buscando ruta UAA='1110_RECTORIA' | SERIE='C09_CONTRATOS' | SUB-SERIE='C09.19_CONTRATOS_INTERADMINISTRATIVOS'
2026-09-01 11:21:19 | WARNING  | alfresco_extractor:545 | Fast path: sin resultados para 'ELIMINAR_CONTRATOS'.
2026-09-01 11:21:19 | WARNING  | alfresco_extractor:695 | Fast path sin éxito para 'ELIMINAR_CONTRATOS'; se restaura el árbol y se usa la ruta oficial.
2026-09-01 11:21:20 | INFO     | alfresco_extractor:203 | Menú 'Repositorio' clickeado. Espere a que cargue la vista del repositorio.
2026-09-01 11:21:21 | INFO     | alfresco_extractor:218 | Árbol del repositorio cargado (raíz 'REPOSITORIO_UIS_0002').
2026-09-01 11:21:21 | INFO     | alfresco_extractor:729 | Traza: REPOSITORIO | REPOSITORIO_UIS_0002 | OK
2026-09-01 11:21:21 | INFO     | alfresco_extractor:613 | Repositorio 'REPOSITORIO_UIS_0002' OK. Expandiendo...
2026-09-01 11:21:39 | INFO     | alfresco_extractor:729 | Traza: UAA | 1110_RECTORIA | OK
2026-09-01 11:21:39 | INFO     | alfresco_extractor:627 | UAA '1110_RECTORIA' OK. Expandiendo...
2026-09-01 11:21:46 | INFO     | alfresco_extractor:729 | Traza: SERIE | 1110_C09_CONTRATOS | OK
2026-09-01 11:21:46 | INFO     | alfresco_extractor:646 | SERIE '1110_C09_CONTRATOS' OK. Expandiendo...
2026-09-01 11:21:52 | ERROR    | alfresco_extractor:841 | Excepción navegando 'ELIMINAR_CONTRATOS': Message: stale element reference: stale element not found in the current frame
  (Session info: chrome=152.0.7977.65); For documentation on this error, please visit: https://www.selenium.dev/documentation/webdriver/troubleshooting/errors#staleelementreferenceexception
Stacktrace:
	chromedriver!GetHandleVerifier [0x7ff67cf18a65+5625]
	chromedriver!(No symbol) [0x7ff67ce3ce10]
	chromedriver!(No symbol) [0x7ff67cc65f8d]
	chromedriver!(No symbol) [0x7ff67cc6dfe1]
	chromedriver!(No symbol) [0x7ff67cc70f55]
	chromedriver!(No symbol) [0x7ff67cc7101f]
	chromedriver!(No symbol) [0x7ff67ccc0c1b]
	chromedriver!(No symbol) [0x7ff67ccc16fc]
	chromedriver!(No symbol) [0x7ff67ccb515c]
	chromedriver!(No symbol) [0x7ff67ccb5006]
	chromedriver!(No symbol) [0x7ff67cd0eef1]
	chromedriver!(No symbol) [0x7ff67ccb384b]
	chromedriver!(No symbol) [0x7ff67ccb4783]
	chromedriver!GetHandleVerifier [0x7ff67d33476b+42132b]
	chromedriver!GetHandleVerifier [0x7ff67d35fcf2+44c8b2]
	chromedriver!GetHandleVerifier [0x7ff67d353c9e+44085e]
	chromedriver!GetHandleVerifier [0x7ff67d014e3e+1019fe]
	chromedriver!(No symbol) [0x7ff67ce49f6c]
	chromedriver!(No symbol) [0x7ff67ce45c44]
	chromedriver!(No symbol) [0x7ff67ce45dd4]
	chromedriver!(No symbol) [0x7ff67ce30cbc]
	KERNEL32!BaseThreadInitThunk [0x7ffe8b9accb7+17]
	ntdll!RtlUserThreadStart [0x7ffe8d28ad6c+2c]

2026-09-01 11:21:52 | INFO     | alfresco_extractor:927 | HTML de diagnóstico guardado: c:\Users\manue\OneDrive\Documents\Práctica contratación\06_DEV_prod\automatizacion-sistema-contratacion\logs\diagnostico\error_navegacion_1788279712.html
2026-09-01 11:21:52 | CRITICAL | alfresco_extractor:912 | Fallo en la verificación Alfresco desde CSV: 'AlfrescoExtractor' object has no attribute '_capturar_pantalla'
Traceback (most recent call last):
  File "c:\Users\manue\OneDrive\Documents\Práctica contratación\06_DEV_prod\automatizacion-sistema-contratacion\alfresco_extractor.py", line 839, in verificar_expedientes_desde_csv
    encontrado = self.navegar_ruta(uaa, serie, subserie, expediente=nombre)
  File "c:\Users\manue\OneDrive\Documents\Práctica contratación\06_DEV_prod\automatizacion-sistema-contratacion\alfresco_extractor.py", line 703, in navegar_ruta
    serie_label, subserie_label, encontrado = self._navegar_hasta_subserie(
                                              ~~~~~~~~~~~~~~~~~~~~~~~~~~~~^
        uaa, serie, subserie
        ^^^^^^^^^^^^^^^^^^^^
    )
    ^
  File "c:\Users\manue\OneDrive\Documents\Práctica contratación\06_DEV_prod\automatizacion-sistema-contratacion\alfresco_extractor.py", line 647, in _navegar_hasta_subserie
    self._expandir_nodo([R, uaa, serie_label])
    ~~~~~~~~~~~~~~~~~~~^^^^^^^^^^^^^^^^^^^^^^^
  File "c:\Users\manue\OneDrive\Documents\Práctica contratación\06_DEV_prod\automatizacion-sistema-contratacion\alfresco_extractor.py", line 320, in _expandir_nodo
    WebDriverWait(self.driver, timeout).until(
    ~~~~~~~~~~~~~~~~~~~~~~~~~~~~~~~~~~~~~~~~~^
        lambda _d: self._hijos_cargados(ruta)
        ^^^^^^^^^^^^^^^^^^^^^^^^^^^^^^^^^^^^^
    )
    ^
  File "C:\Users\manue\AppData\Local\Python\pythoncore-3.14-64\Lib\site-packages\selenium\webdriver\support\wait.py", line 112, in until
    value = method(self._driver)
  File "c:\Users\manue\OneDrive\Documents\Práctica contratación\06_DEV_prod\automatizacion-sistema-contratacion\alfresco_extractor.py", line 321, in <lambda>
    lambda _d: self._hijos_cargados(ruta)
               ~~~~~~~~~~~~~~~~~~~~^^^^^^
  File "c:\Users\manue\OneDrive\Documents\Práctica contratación\06_DEV_prod\automatizacion-sistema-contratacion\alfresco_extractor.py", line 276, in _hijos_cargados
    item = self._bajar_por_ruta(ruta)
  File "c:\Users\manue\OneDrive\Documents\Práctica contratación\06_DEV_prod\automatizacion-sistema-contratacion\alfresco_extractor.py", line 264, in _bajar_por_ruta
    item = self._item_por_texto(scope, texto)
  File "c:\Users\manue\OneDrive\Documents\Práctica contratación\06_DEV_prod\automatizacion-sistema-contratacion\alfresco_extractor.py", line 247, in _item_por_texto
    return etiqueta.find_element(By.XPATH, ".//ancestor::div[contains(@class,'ygtvitem')][1]")
           ~~~~~~~~~~~~~~~~~~~~~^^^^^^^^^^^^^^^^^^^^^^^^^^^^^^^^^^^^^^^^^^^^^^^^^^^^^^^^^^^^^^
  File "C:\Users\manue\AppData\Local\Python\pythoncore-3.14-64\Lib\site-packages\selenium\webdriver\remote\webelement.py", line 532, in find_element
    return self._execute(Command.FIND_CHILD_ELEMENT, {"using": by, "value": value})["value"]
           ~~~~~~~~~~~~~^^^^^^^^^^^^^^^^^^^^^^^^^^^^^^^^^^^^^^^^^^^^^^^^^^^^^^^^^^^
  File "C:\Users\manue\AppData\Local\Python\pythoncore-3.14-64\Lib\site-packages\selenium\webdriver\remote\webelement.py", line 508, in _execute
    return self._parent.execute(command, params)
           ~~~~~~~~~~~~~~~~~~~~^^^^^^^^^^^^^^^^^
  File "C:\Users\manue\AppData\Local\Python\pythoncore-3.14-64\Lib\site-packages\selenium\webdriver\remote\webdriver.py", line 504, in execute
    self.error_handler.check_response(response)
    ~~~~~~~~~~~~~~~~~~~~~~~~~~~~~~~~~^^^^^^^^^^
  File "C:\Users\manue\AppData\Local\Python\pythoncore-3.14-64\Lib\site-packages\selenium\webdriver\remote\errorhandler.py", line 232, in check_response
    raise exception_class(message, screen, stacktrace)
selenium.common.exceptions.StaleElementReferenceException: Message: stale element reference: stale element not found in the current frame
  (Session info: chrome=152.0.7977.65); For documentation on this error, please visit: https://www.selenium.dev/documentation/webdriver/troubleshooting/errors#staleelementreferenceexception
Stacktrace:
	chromedriver!GetHandleVerifier [0x7ff67cf18a65+5625]
	chromedriver!(No symbol) [0x7ff67ce3ce10]
	chromedriver!(No symbol) [0x7ff67cc65f8d]
	chromedriver!(No symbol) [0x7ff67cc6dfe1]
	chromedriver!(No symbol) [0x7ff67cc70f55]
	chromedriver!(No symbol) [0x7ff67cc7101f]
	chromedriver!(No symbol) [0x7ff67ccc0c1b]
	chromedriver!(No symbol) [0x7ff67ccc16fc]
	chromedriver!(No symbol) [0x7ff67ccb515c]
	chromedriver!(No symbol) [0x7ff67ccb5006]
	chromedriver!(No symbol) [0x7ff67cd0eef1]
	chromedriver!(No symbol) [0x7ff67ccb384b]
	chromedriver!(No symbol) [0x7ff67ccb4783]
	chromedriver!GetHandleVerifier [0x7ff67d33476b+42132b]
	chromedriver!GetHandleVerifier [0x7ff67d35fcf2+44c8b2]
	chromedriver!GetHandleVerifier [0x7ff67d353c9e+44085e]
	chromedriver!GetHandleVerifier [0x7ff67d014e3e+1019fe]
	chromedriver!(No symbol) [0x7ff67ce49f6c]
	chromedriver!(No symbol) [0x7ff67ce45c44]
	chromedriver!(No symbol) [0x7ff67ce45dd4]
	chromedriver!(No symbol) [0x7ff67ce30cbc]
	KERNEL32!BaseThreadInitThunk [0x7ffe8b9accb7+17]
	ntdll!RtlUserThreadStart [0x7ffe8d28ad6c+2c]


During handling of the above exception, another exception occurred:

Traceback (most recent call last):
  File "c:\Users\manue\OneDrive\Documents\Práctica contratación\06_DEV_prod\automatizacion-sistema-contratacion\alfresco_extractor.py", line 910, in ejecutar_verificacion_csv
    return self.verificar_expedientes_desde_csv(ruta_csv, ruta_pasos, ruta_resumen)
           ~~~~~~~~~~~~~~~~~~~~~~~~~~~~~~~~~~~~^^^^^^^^^^^^^^^^^^^^^^^^^^^^^^^^^^^^
  File "c:\Users\manue\OneDrive\Documents\Práctica contratación\06_DEV_prod\automatizacion-sistema-contratacion\alfresco_extractor.py", line 843, in verificar_expedientes_desde_csv
    self._capturar_pantalla("error_navegacion")
    ^^^^^^^^^^^^^^^^^^^^^^^
AttributeError: 'AlfrescoExtractor' object has no attribute '_capturar_pantalla'
2026-09-01 11:21:55 | INFO     | alfresco_extractor:120 | Driver cerrado.
2026-09-01 11:21:55 | ERROR    | main:150 | No se obtuvieron resultados de la verificación Alfresco.
2026-09-01 11:21:55 | INFO     | limpieza:98 | Limpieza finalizada: 0 archivos purgados (logs de ejecución=0, HTML de diagnóstico=0, capturas de pantalla=0, consolidados con marca de tiempo=0, reportes contrato=0, reportes convenio=0, reportes proyecto=0).
